feasible solution found by trysol heuristic after 1.3 seconds, objective value 3.669278e+04
presolving:
presolving (1 rounds: 1 fast, 1 medium, 1 exhaustive):
 7348 deleted vars, 12922 deleted constraints, 0 added constraints, 6246 tightened bounds, 0 added holes, 0 changed sides, 28 changed coefficients
 33873 implications, 7191 cliques, 0 implied integral variables (0 bin, 0 int, 0 cont)
presolved problem has 73724 variables (24396 bin, 0 int, 49328 cont) and 99974 constraints
  12636 constraints of type <varbound>
   7191 constraints of type <setppc>
  52592 constraints of type <linear>
  27555 constraints of type <indicator>
Presolving Time: 1.32
transformed 2/2 original solutions to the transformed problem space

 time | node  | left  |LP iter|LP it/n|mem/heur|mdpt |vars |cons |rows |cuts |sepa|confs|strbr|  dualbound   | primalbound  |  gap   | compl. 
 63.2s|     1 |     0 | 65798 |     - |   506M |   0 |  73k|  99k|  88k|   0 |  0 |   2 |   0 | 3.629288e+04 | 3.669278e+04 |   1.10%| unknown
 80.1s|     1 |     2 | 88303 |     - |   534M |   0 |  73k|  99k|  88k|   0 |  0 |   3 |   0 | 3.629288e+04 | 3.669278e+04 |   1.10%| unknown

SCIP Status        : solving was interrupted [time limit reached]
Solving Time (sec) : 300.04
Solving Nodes      : 56
Primal Bound       : +3.66927758060970e+04 (2 solutions)
Dual Bound         : +3.62928813590931e+04
Gap                : 1.10 %
