{"date": "2025-04-27", "soc": 1200.0, "S": 28, "diagnostic_seconds": 7200}
Running HiGHS 1.8.0 (git hash: 222cce7): Copyright (c) 2024 HiGHS under MIT licence terms
Coefficient ranges:
  Matrix [9e-01, 1e+04]
  Cost   [7e-02, 1e+00]
  Bound  [1e+00, 1e+04]
  RHS    [1e-01, 1e+04]
Assessing feasibility of MIP using primal feasibility and integrality tolerance of       1e-08
Solution has               num          max          sum
Col     infeasibilities      0            0            0
Integer infeasibilities      0            0            0
Row     infeasibilities      0            0            0
Row     residuals            0            0            0
Presolving model
58310 rows, 30516 cols, 157829 nonzeros  0s
50859 rows, 24879 cols, 185051 nonzeros  0s

MIP start solution is feasible, objective value is 33325.2834009

Solving MIP model with:
   50859 rows
   24879 cols (9037 binary, 0 integer, 0 implied int., 15842 continuous)
   185051 nonzeros
MIP-Timing:         0.2 - starting analytic centre calculation

Src: B => Branching; C => Central rounding; F => Feasibility pump; H => Heuristic; L => Sub-MIP;
     P => Empty MIP; R => Randomized rounding; S => Solve LP; T => Evaluate node; U => Unbounded;
     z => Trivial zero; l => Trivial lower; u => Trivial upper; p => Trivial point

        Nodes      |    B&B Tree     |            Objective Bounds              |  Dynamic Constraints |       Work      
Src  Proc. InQueue |  Leaves   Expl. | BestBound       BestSol              Gap |   Cuts   InLp Confl. | LpIters     Time

         0       0         0   0.00%   0               33325.283401     100.00%        0      0      0         0     0.2s
         0       0         0   0.00%   32891.149803    33325.283401       1.30%        0      0      4     12396     1.5s
         0       0         0   0.00%   32913.20009     33325.283401       1.24%    13274   2035    120     17413     6.7s
         0       0         0   0.00%   32928.721006    33325.283401       1.19%     9030   3348    120     23002    11.7s
         0       0         0   0.00%   32939.710355    33325.283401       1.16%    13288   3768    120     29472    17.8s
         0       0         0   0.00%   32946.324181    33325.283401       1.14%    11581   3901    120     34032    23.0s
         0       0         0   0.00%   32948.055599    33325.283401       1.13%    13684   3658    120     38051    28.4s
         0       0         0   0.00%   32948.291504    33325.283401       1.13%    13074   2123    120     77747    63.8s

0.0% inactive integer columns, restarting
Model after restart has 50823 rows, 24875 cols (9034 bin., 0 int., 0 impl., 15841 cont.), and 184957 nonzeros

         0       0         0   0.00%   32948.291504    33325.283401       1.13%     2123      0      0     77747    63.9s
         0       0         0   0.00%   32948.665637    33325.283401       1.13%     2123   1489      4     83287    65.9s
         0       0         0   0.00%   32949.699141    33325.283401       1.13%     9843   3009      4     87603    71.0s
         0       0         0   0.00%   32950.525997    33325.283401       1.12%    11802   3580      4     91473    76.6s
         9       8         0   0.39%   32950.681763    33325.283401       1.12%    11418   2197     16    277582   214.6s
        14      11         0   3.52%   32959.255331    33325.283401       1.10%    10214   3619     17    366524   309.1s
        16      11         0   9.77%   32959.255331    33325.283401       1.10%    13551   4122     17    380348   326.2s
        20       9         2  22.27%   32959.255331    33325.283401       1.10%    11917   2595     17    388863   335.3s
        23       8         2  25.39%   32959.255331    33325.283401       1.10%    11791   2753     17    393033   341.7s
        24       7         2  26.17%   32959.255331    33325.283401       1.10%    12565   3351     17    398316   347.9s
        26       7         2  38.67%   32965.199751    33325.283401       1.08%    11177   3587     18    414906   373.3s
        32      11         2  39.06%   32965.199751    33325.283401       1.08%    14113   3512     19    435626   393.2s

        Nodes      |    B&B Tree     |            Objective Bounds              |  Dynamic Constraints |       Work      
Src  Proc. InQueue |  Leaves   Expl. | BestBound       BestSol              Gap |   Cuts   InLp Confl. | LpIters     Time

        34      11         2  39.45%   32965.199751    33325.283401       1.08%    12192   2599     19    439875   398.8s
        43      18         2  39.45%   32965.199751    33325.283401       1.08%    13803   2743     21    450063   407.1s
        45      18         2  39.46%   32965.199751    33325.283401       1.08%    13850   3176     21    456295   414.0s
        47      18         2  39.46%   32965.199751    33325.283401       1.08%    11863   2547     22    460986   419.5s
        50      19         2  39.46%   32965.199751    33325.283401       1.08%    11206   2823     22    464519   424.8s
        52      19         2  39.46%   32965.199751    33325.283401       1.08%    12818   2439     22    466844   431.4s
        54      19         2  39.47%   32965.199751    33325.283401       1.08%     9528   2544     22    471990   436.4s
        64      23         4  39.47%   32965.199751    33325.283401       1.08%    10631   2630     24    475811   441.7s
        69      26         4  41.03%   32965.227473    33325.283401       1.08%    11892   2871     26    491195   456.6s
        71      26         4  41.81%   32965.227473    33325.283401       1.08%    12688   3397     27    498730   465.7s
        73      26         4  48.06%   32965.227473    33325.283401       1.08%    14229   2492     28    506592   476.4s
        74      25         4  48.06%   32965.227473    33325.283401       1.08%     8971   3027     28    511338   483.1s
        76      25         4  49.62%   32965.227473    33325.283401       1.08%     8980   3144     30    522236   496.2s
        79      24         5  52.75%   32965.227473    33325.283401       1.08%    11328   3290     33    534201   510.0s
        82      23         5  59.00%   32965.227473    33325.283401       1.08%     9444   3625     33    539170   516.9s
        85      24         5  59.78%   32965.227473    33325.283401       1.08%    11155   2776     33    546215   528.3s
        88      23         5  73.06%   32965.227473    33325.283401       1.08%     8844   3091     34    551855   535.3s
        90      23         5  73.06%   32965.227473    33325.283401       1.08%     8853   3091     35    562467   544.7s
        93      21         7  73.84%   32965.227473    33325.283401       1.08%     8862   3091     37    576430   557.5s
       101      24         8  74.04%   32965.227473    33325.283401       1.08%    15779   3801     38    583177   565.9s

        Nodes      |    B&B Tree     |            Objective Bounds              |  Dynamic Constraints |       Work      
Src  Proc. InQueue |  Leaves   Expl. | BestBound       BestSol              Gap |   Cuts   InLp Confl. | LpIters     Time

       103      24         8  74.04%   32965.227473    33325.283401       1.08%    10676   4488     39    610980   593.4s
       104      23         8  74.04%   32965.227473    33325.283401       1.08%     8418   3609     40    615013   598.9s
       106      23         8  74.05%   32965.227473    33325.283401       1.08%    15274   4253     41    626772   612.6s
       108      23         8  74.05%   32965.227473    33325.283401       1.08%    10908   3340     41    632091   619.8s
       109      22         8  80.30%   32965.227473    33325.283401       1.08%    14805   3716     42    644276   632.5s
       111      20        10  81.87%   32965.227473    33325.283401       1.08%    14806   3716     43    660962   646.0s
       116      17        13  82.69%   32965.227473    33325.283401       1.08%    10796   3886     44    693493   674.6s
       119      16        13  82.71%   32965.227473    33325.283401       1.08%    13845   2686     44    699259   682.3s
       121      14        14  85.84%   32965.341222    33325.283401       1.08%    11591   2928     44    710626   691.6s
       125      12        16  85.94%   32965.341222    33325.283401       1.08%    13556   3089     45    725433   708.4s
       127      12        16  85.99%   32965.341222    33325.283401       1.08%     7811   3213     46    733170   717.6s
       133      14        16  86.00%   32965.341222    33325.283401       1.08%    10417   2524     46    737033   724.2s
       142      19        16  86.00%   32965.341222    33325.283401       1.08%    13600   2747     46    744138   731.6s
       144      17        17  87.59%   32972.291046    33325.283401       1.06%    11706   3000     48    748670   737.6s
       146      17        17  87.59%   32972.291046    33325.283401       1.06%    13571   3139     49    763603   755.1s
       151      20        17  87.59%   32972.291046    33325.283401       1.06%     9283   2879     49    772807   768.4s
       157      22        17  87.59%   32972.291046    33325.283401       1.06%    11794   3066     49    781502   778.0s
       161      22        18  87.59%   32972.291046    33325.283401       1.06%    13055   3164     51    794810   793.0s
       164      25        18  87.59%   32972.291046    33325.283401       1.06%    13057   3164     52    804187   801.6s
       166      25        18  87.59%   32972.291046    33325.283401       1.06%    14280   3255     53    809622   808.4s

        Nodes      |    B&B Tree     |            Objective Bounds              |  Dynamic Constraints |       Work      
Src  Proc. InQueue |  Leaves   Expl. | BestBound       BestSol              Gap |   Cuts   InLp Confl. | LpIters     Time

       168      25        18  87.59%   32972.291046    33325.283401       1.06%    11824   2590     53    821199   824.4s
       170      25        18  87.59%   32972.291046    33325.283401       1.06%    13053   2674     53    841989   846.8s
       173      24        18  90.72%   32979.609737    33325.283401       1.04%    10819   2881     53    856067   865.4s
       175      24        18  90.72%   32979.609737    33325.283401       1.04%    12595   3032     54    864757   875.6s
       178      25        18  90.72%   32979.609737    33325.283401       1.04%    13662   3135     54    874116   884.1s
       184      23        20  90.72%   32979.609737    33325.283401       1.04%     8864   3217     56    894649   902.7s
       188      27        20  90.72%   32979.609737    33325.283401       1.04%     9829   3299     56    899876   910.5s
       191      26        20  90.72%   32979.609737    33325.283401       1.04%    12038   2605     57    907231   920.0s
       195      24        22  92.28%   32979.810069    33325.283401       1.04%    13241   2957     59    927398   949.1s
       198      23        23  92.28%   32979.810069    33325.283401       1.04%    13243   2957     60    938680   961.6s
       201      20        25  92.28%   32979.810069    33325.283401       1.04%    10246   3085     67    942317   966.9s
       204      21        25  93.06%   32979.810069    33325.283401       1.04%    10248   3085     68    954203   979.0s
       206      21        25  93.45%   32979.810069    33325.283401       1.04%    11670   3491     68    963840   991.8s
       208      21        25  93.65%   32979.810069    33325.283401       1.04%    12783   2360     68    967364   999.4s
       213      24        25  93.66%   32979.810069    33325.283401       1.04%     8827   2456     68    972141  1005.3s
       218      25        25  93.67%   32979.810069    33325.283401       1.04%    11246   2632     68    975179  1010.8s
       222      24        26  93.68%   32979.810069    33325.283401       1.04%    12904   2451     69    977726  1018.8s
       229      28        26  93.68%   32979.810069    33325.283401       1.04%    11032   2520     69    982156  1025.5s
       243      38        27  93.68%   32979.810069    33325.283401       1.04%    11980   2612     70    990286  1033.6s
       245      38        27  94.46%   32980.757117    33325.283401       1.03%    11651   2856     70     1000k  1044.7s

        Nodes      |    B&B Tree     |            Objective Bounds              |  Dynamic Constraints |       Work      
Src  Proc. InQueue |  Leaves   Expl. | BestBound       BestSol              Gap |   Cuts   InLp Confl. | LpIters     Time

       247      38        27  94.46%   32980.757117    33325.283401       1.03%    12710   2365     70     1006k  1053.4s
       257      38        30  94.46%   32980.757117    33325.283401       1.03%     9976   2533     71     1008k  1058.7s
       267      36        34  94.46%   32980.757117    33325.283401       1.03%    12319   2733     73     1011k  1063.8s
       269      36        34  95.24%   32981.706864    33325.283401       1.03%    13863   2482     76     1023k  1077.0s
       272      35        35  95.63%   32981.706864    33325.283401       1.03%     9174   2562     76     1027k  1082.5s
       277      34        35  95.73%   32981.706864    33325.283401       1.03%    11471   2775     79     1036k  1094.2s
       285      38        35  95.83%   32981.706864    33325.283401       1.03%    12653   2247     80     1042k  1101.5s
       290      41        35  95.83%   32981.706864    33325.283401       1.03%    11319   2325     80     1050k  1110.4s
       292      41        35  95.83%   32981.706864    33325.283401       1.03%    11947   2393     81     1058k  1120.7s
       296      39        37  96.22%   32982.827504    33325.283401       1.03%    12980   2483     82     1063k  1127.1s
       301      42        37  96.22%   32982.827504    33325.283401       1.03%    11240   2363     82     1068k  1133.7s
       308      43        37  96.22%   32982.827504    33325.283401       1.03%    13255   2543     82     1073k  1142.0s
       310      43        37  96.22%   32982.827504    33325.283401       1.03%    10882   2143     82     1074k  1151.5s
       312      43        37  96.22%   32982.827504    33325.283401       1.03%    12138   2532     82     1079k  1157.5s
       316      41        37  96.61%   32983.560203    33325.283401       1.03%    10581   3000     82     1093k  1176.1s
       318      41        37  96.62%   32983.560203    33325.283401       1.03%    11747   3177     82     1098k  1183.8s
       321      38        39  96.62%   32983.560203    33325.283401       1.03%    12409   3302     82     1101k  1189.3s
       324      37        40  96.81%   32983.560203    33325.283401       1.03%    10237   2759     83     1116k  1209.0s
       326      37        40  96.81%   32983.560203    33325.283401       1.03%    11326   2950     84     1125k  1219.5s
       329      34        43  97.21%   32984.07776     33325.283401       1.02%    11329   2950     84     1128k  1224.9s

        Nodes      |    B&B Tree     |            Objective Bounds              |  Dynamic Constraints |       Work      
Src  Proc. InQueue |  Leaves   Expl. | BestBound       BestSol              Gap |   Cuts   InLp Confl. | LpIters     Time

       331      32        44  97.25%   32984.07776     33325.283401       1.02%    12518   3128     84     1131k  1230.1s
       333      32        44  97.34%   32984.07776     33325.283401       1.02%    13748   3319     84     1144k  1246.0s
       336      31        45  97.37%   32984.07776     33325.283401       1.02%    11752   2569     85     1162k  1273.9s
       339      30        46  97.44%   32984.07776     33325.283401       1.02%    13220   2812     85     1172k  1287.1s
       343      30        46  97.48%   32984.07776     33325.283401       1.02%    11194   2916     85     1179k  1301.8s
       346      29        48  97.58%   32984.44592     33325.283401       1.02%    12375   3057     86     1192k  1319.9s
       348      29        48  97.58%   32984.44592     33325.283401       1.02%    13584   3211     86     1199k  1329.7s
       353      32        48  97.58%   32984.44592     33325.283401       1.02%    10970   3356     88     1202k  1335.2s
       358      31        49  97.59%   32984.44592     33325.283401       1.02%    12679   2557     88     1212k  1351.8s
       363      31        50  97.59%   32984.44592     33325.283401       1.02%    10108   2688     90     1225k  1364.9s
       367      33        51  97.59%   32984.44592     33325.283401       1.02%    10923   2795     91     1232k  1372.3s
       371      34        51  97.59%   32984.44592     33325.283401       1.02%    11718   2914     91     1237k  1378.6s
       373      34        51  97.63%   32984.458295    33325.283401       1.02%    11285   2733     92     1247k  1390.2s
       381      40        51  97.63%   32984.458295    33325.283401       1.02%    12266   2851     92     1292k  1408.9s
       384      41        51  97.63%   32984.458295    33325.283401       1.02%    13119   2970     95     1319k  1428.3s
       387      42        51  97.63%   32984.458295    33325.283401       1.02%    12029   3100     95     1327k  1433.9s
       389      42        51  97.63%   32984.458295    33325.283401       1.02%    12724   3225     96     1334k  1441.1s
       391      42        51  97.63%   32984.458295    33325.283401       1.02%    13374   2323     96     1339k  1451.8s
       395      38        54  97.63%   32984.458295    33325.283401       1.02%     9507   2576     96     1345k  1459.7s
       397      38        54  97.66%   32985.089716    33325.283401       1.02%    11700   3085     97     1371k  1484.5s

        Nodes      |    B&B Tree     |            Objective Bounds              |  Dynamic Constraints |       Work      
Src  Proc. InQueue |  Leaves   Expl. | BestBound       BestSol              Gap |   Cuts   InLp Confl. | LpIters     Time

       399      38        54  97.67%   32985.089716    33325.283401       1.02%    12397   2468     97     1376k  1490.9s
       401      38        54  97.68%   32985.089716    33325.283401       1.02%    12941   2568     97     1381k  1496.4s
       409      44        54  97.68%   32985.089716    33325.283401       1.02%    11578   2689     97     1391k  1506.3s
       411      44        54  97.68%   32985.089716    33325.283401       1.02%    12454   2858     97     1399k  1514.3s
       414      45        54  97.68%   32985.089716    33325.283401       1.02%    13430   3016     98     1405k  1520.7s
       416      45        54  97.68%   32985.089716    33325.283401       1.02%     9484   2490     98     1413k  1530.3s
       422      49        54  97.68%   32985.089716    33325.283401       1.02%    10017   2585     98     1418k  1536.1s
       426      49        54  97.68%   32985.089716    33325.283401       1.02%    11786   2906     99     1424k  1543.1s
       428      49        54  97.68%   32985.2216      33325.283401       1.02%    13903   2526     99     1435k  1561.6s
       430      49        54  97.68%   32985.2216      33325.283401       1.02%    11796   2725     99     1444k  1570.4s
       437      48        56  97.68%   32985.2216      33325.283401       1.02%    13030   2873    101     1450k  1577.0s
       446      54        58  97.68%   32985.2216      33325.283401       1.02%    13065   3165    103     1456k  1584.6s
       452      55        59  97.68%   32985.2216      33325.283401       1.02%    13757   2268    104     1463k  1594.7s
       455      54        60  97.68%   32985.2216      33325.283401       1.02%     9647   2406    104     1472k  1602.9s
       459      53        62  97.68%   32985.2216      33325.283401       1.02%    10522   2569    106     1479k  1611.3s
       461      54        62  97.68%   32985.2216      33325.283401       1.02%    10524   2569    107     1487k  1618.9s
       463      54        62  97.68%   32985.2216      33325.283401       1.02%    11190   2706    107     1492k  1624.2s
       466      53        63  97.68%   32985.280884    33325.283401       1.02%    12595   3013    107     1507k  1639.9s
       470      50        66  97.68%   32985.280884    33325.283401       1.02%    13778   3180    108     1512k  1646.9s
       476      49        68  97.68%   32985.280884    33325.283401       1.02%    11325   3518    110     1537k  1668.7s

        Nodes      |    B&B Tree     |            Objective Bounds              |  Dynamic Constraints |       Work      
Src  Proc. InQueue |  Leaves   Expl. | BestBound       BestSol              Gap |   Cuts   InLp Confl. | LpIters     Time

       478      49        68  97.68%   32985.280884    33325.283401       1.02%    12961   2554    110     1542k  1675.6s
       481      48        68  97.68%   32985.280884    33325.283401       1.02%    11126   2850    110     1548k  1682.9s
       483      48        68  97.69%   32987.049696    33325.283401       1.01%    13217   3135    106     1557k  1691.5s
       485      48        68  97.69%   32987.049696    33325.283401       1.01%    10013   2713     94     1567k  1703.8s
       488      47        69  97.69%   32987.049696    33325.283401       1.01%    11042   2899     93     1576k  1713.1s
       489      46        69  97.69%   32987.049696    33325.283401       1.01%    13271   3270     93     1581k  1718.3s
       491      46        69  97.69%   32987.049696    33325.283401       1.01%    14475   3425     93     1597k  1731.9s
       493      46        69  97.69%   32987.049696    33325.283401       1.01%    12578   2404     93     1606k  1738.3s
       495      46        69  97.69%   32987.049696    33325.283401       1.01%    12018   2740     94     1631k  1758.9s
       499      46        69  97.69%   32987.049696    33325.283401       1.01%    13235   3010     93     1641k  1768.0s
       501      46        69  97.69%   32987.142496    33325.283401       1.01%    11584   3287     92     1655k  1781.7s
       503      46        69  97.69%   32987.142496    33325.283401       1.01%    12558   3428     92     1662k  1788.7s
       507      46        70  97.69%   32987.142496    33325.283401       1.01%    13527   3551     90     1666k  1794.0s
       509      46        70  97.69%   32987.142496    33325.283401       1.01%    14650   2574     90     1675k  1807.9s
       513      46        70  97.69%   32987.142496    33325.283401       1.01%    11126   2787     90     1680k  1813.2s
       518      47        70  97.69%   32987.142496    33325.283401       1.01%    11953   2993     90     1686k  1820.0s
       520      47        70  97.69%   32987.142496    33325.283401       1.01%    12420   2633     86     1693k  1830.5s
       522      47        70  97.69%   32988.062884    33325.283401       1.01%    10765   3036     85     1708k  1844.2s
       524      47        70  97.69%   32988.062884    33325.283401       1.01%    11772   3167     84     1723k  1857.2s
       526      47        70  97.69%   32988.062884    33325.283401       1.01%    12367   3292     84     1730k  1864.3s

        Nodes      |    B&B Tree     |            Objective Bounds              |  Dynamic Constraints |       Work      
Src  Proc. InQueue |  Leaves   Expl. | BestBound       BestSol              Gap |   Cuts   InLp Confl. | LpIters     Time

       528      47        71  97.69%   32988.062884    33325.283401       1.01%    13573   2697     84     1742k  1877.4s
       533      48        71  97.69%   32988.062884    33325.283401       1.01%    12804   2944     80     1752k  1887.3s
       536      49        71  97.69%   32988.062884    33325.283401       1.01%    14198   3097     80     1758k  1894.0s
       540      49        71  97.69%   32988.062884    33325.283401       1.01%    12108   2422     80     1769k  1912.8s
       545      50        71  97.69%   32988.672778    33325.283401       1.01%    11274   2709     80     1779k  1923.0s
       547      50        71  97.69%   32988.672778    33325.283401       1.01%    12099   2855     80     1790k  1931.6s
       549      50        71  97.69%   32988.672778    33325.283401       1.01%    13257   3016     77     1797k  1938.4s
       554      51        71  97.69%   32988.672778    33325.283401       1.01%    11035   2752     75     1805k  1948.0s
       561      51        73  97.69%   32988.672778    33325.283401       1.01%    11713   2921     76     1809k  1953.1s
       565      52        73  97.69%   32988.672778    33325.283401       1.01%    12089   3002     75     1813k  1958.2s
       567      52        73  97.69%   32988.672778    33325.283401       1.01%    11002   2527     73     1822k  1966.9s
       571      52        73  97.71%   32989.121625    33325.283401       1.01%    12775   2840     73     1829k  1975.0s
       573      52        73  97.71%   32989.121625    33325.283401       1.01%    13365   2960     73     1842k  1985.7s
       575      52        73  97.73%   32989.121625    33325.283401       1.01%    16066   3680     73     1851k  1995.3s
       577      52        73  97.73%   32989.121625    33325.283401       1.01%    14238   3071     72     1861k  2018.9s
       579      52        74  97.73%   32989.121625    33325.283401       1.01%     7283   3417     72     1868k  2025.8s
       581      52        74  97.73%   32989.121625    33325.283401       1.01%     9304   3759     72     1875k  2032.4s
       583      52        74  97.73%   32989.121625    33325.283401       1.01%    10935   3972     73     1883k  2040.2s
       589      54        74  97.73%   32989.121625    33325.283401       1.01%    13336   3197     73     1894k  2057.2s
       591      54        74  97.73%   32989.121625    33325.283401       1.01%     9245   3341     72     1913k  2068.9s

        Nodes      |    B&B Tree     |            Objective Bounds              |  Dynamic Constraints |       Work      
Src  Proc. InQueue |  Leaves   Expl. | BestBound       BestSol              Gap |   Cuts   InLp Confl. | LpIters     Time

       592      53        74  99.29%   32989.69763     33325.283401       1.01%    12989   3836     71     1918k  2074.4s
       594      53        74  99.29%   32989.69763     33325.283401       1.01%    14023   4002     71     1923k  2080.0s
       599      52        75  99.29%   32989.69763     33325.283401       1.01%    11443   3636     72     1928k  2087.3s
       605      54        75  99.29%   32989.69763     33325.283401       1.01%    13679   4000     68     1937k  2099.5s
       607      54        75  99.29%   32989.69763     33325.283401       1.01%    13681   4000     69     1950k  2108.0s
       609      54        75  99.29%   32989.69763     33325.283401       1.01%    18239   3363     70     1957k  2116.3s
       613      54        75  99.29%   32989.69763     33325.283401       1.01%     9156   4004     69     1972k  2131.2s
       615      54        75  99.29%   32990.116718    33325.283401       1.01%    10722   4202     69     1985k  2140.9s
       617      54        75  99.29%   32990.116718    33325.283401       1.01%    12020   4382     69     2007k  2158.8s
       619      54        75  99.29%   32990.116718    33325.283401       1.01%    15302   4761     67     2020k  2168.2s
       622      53        75  99.29%   32990.116718    33325.283401       1.01%     7963   3358     67     2038k  2187.4s
       626      53        76  99.29%   32990.116718    33325.283401       1.01%     9107   3514     65     2046k  2196.5s
       628      53        76  99.29%   32990.116718    33325.283401       1.01%    10152   3651     65     2051k  2202.3s
       630      53        76  99.29%   32990.116718    33325.283401       1.01%    10940   2818     64     2056k  2215.0s
       634      55        76  99.29%   32990.116718    33325.283401       1.01%    11760   2952     57     2061k  2221.7s
       636      55        76  99.29%   32990.116718    33325.283401       1.01%    12644   3093     56     2066k  2227.1s
       637      54        76  99.29%   32990.14568     33325.283401       1.01%    14197   3300     57     2071k  2232.2s
       639      54        77  99.29%   32990.14568     33325.283401       1.01%    12039   3466     59     2095k  2252.4s
       644      57        77  99.29%   32990.14568     33325.283401       1.01%    17083   4069     59     2258k  2371.2s
       647      56        78  99.29%   32990.14568     33325.283401       1.01%    11914   3703     60     2263k  2378.3s

        Nodes      |    B&B Tree     |            Objective Bounds              |  Dynamic Constraints |       Work      
Src  Proc. InQueue |  Leaves   Expl. | BestBound       BestSol              Gap |   Cuts   InLp Confl. | LpIters     Time

       657      64        78  99.29%   32990.14568     33325.283401       1.01%    13526   3921     60     2279k  2394.2s
       659      64        78  99.29%   32990.14568     33325.283401       1.01%    14643   4109     60     2285k  2400.2s
       663      61        80  99.29%   32990.14568     33325.283401       1.01%     8666   4381     60     2292k  2410.2s
       671      66        80  99.29%   32990.14568     33325.283401       1.01%     9826   2786     59     2306k  2430.2s
       672      65        80  99.29%   32990.25136     33325.283401       1.01%    11486   2995     59     2312k  2437.0s
       676      67        80  99.29%   32990.25136     33325.283401       1.01%    12357   3137     59     2332k  2450.3s
       678      67        80  99.29%   32990.25136     33325.283401       1.01%    12794   3239     58     2337k  2455.4s
       681      64        81  99.29%   32990.25136     33325.283401       1.01%    13514   2817     56     2341k  2461.4s
       683      64        81  99.29%   32990.25136     33325.283401       1.01%    10581   3038     56     2356k  2474.3s
       686      63        82  99.29%   32990.25136     33325.283401       1.01%    15662   3694     54     2372k  2507.8s
       688      61        83  99.29%   32990.25136     33325.283401       1.01%    15835   4132     54     2380k  2528.8s
       689      60        83  99.29%   32990.25136     33325.283401       1.01%     7713   4448     53     2383k  2538.0s
       693      56        87  99.29%   32990.25136     33325.283401       1.01%     7717   4448     53     2386k  2544.9s
       695      54        88  99.30%   32990.25136     33325.283401       1.01%    11878   3846     53     2395k  2560.6s
       697      52        90  99.30%   32990.25136     33325.283401       1.01%    11880   3846     53     2400k  2569.9s
       699      50        92  99.30%   32991.112678    33325.283401       1.00%    11882   3846     53     2404k  2580.4s
       700      49        93  99.30%   32991.112678    33325.283401       1.00%    11883   3846     53     2406k  2586.4s
       702      47        95  99.30%   32991.112678    33325.283401       1.00%    11885   3846     53     2410k  2593.8s
       704      45        96  99.30%   32991.112678    33325.283401       1.00%    14040   4128     51     2414k  2604.9s
       705      44        96  99.30%   32991.112678    33325.283401       1.00%    14041   4128     50     2422k  2613.3s

        Nodes      |    B&B Tree     |            Objective Bounds              |  Dynamic Constraints |       Work      
Src  Proc. InQueue |  Leaves   Expl. | BestBound       BestSol              Gap |   Cuts   InLp Confl. | LpIters     Time

       707      42        98  99.30%   32991.112678    33325.283401       1.00%    14043   4128     50     2425k  2619.0s
       708      41        99  99.31%   32991.435326    33325.283401       1.00%    14044   4128     50     2429k  2624.3s
       710      39       101  99.31%   32991.435326    33325.283401       1.00%    14046   4128     50     2432k  2629.9s
       712      37       103  99.31%   32991.435326    33325.283401       1.00%    14048   4128     50     2434k  2635.2s
       714      35       105  99.31%   32991.435326    33325.283401       1.00%    14050   4128     50     2437k  2640.5s
       716      33       107  99.31%   32991.435326    33325.283401       1.00%    14052   4128     50     2439k  2645.6s
       720      29       111  99.31%   32991.619415    33325.283401       1.00%    14055   4128     50     2441k  2651.4s
       723      26       114  99.31%   32992.091518    33325.283401       1.00%    14058   4128     50     2444k  2659.9s
       725      24       116  99.31%   32992.091518    33325.283401       1.00%    14060   4128     50     2447k  2666.0s
       727      22       118  99.31%   32992.208339    33325.283401       1.00%    14062   4128     50     2451k  2672.6s
       729      20       120  99.41%   32992.916573    33325.283401       1.00%    14064   4128     50     2455k  2681.6s
       731      18       122  99.41%   32992.916573    33325.283401       1.00%    14066   4128     50     2458k  2687.9s
       733      16       124  99.41%   32992.916573    33325.283401       1.00%    14068   4128     50     2462k  2695.7s
       734      15       125  99.41%   32992.916573    33325.283401       1.00%    14069   4128     50     2465k  2701.1s
       735      14       125  99.41%   32993.840037    33325.283401       0.99%    14073   4128     50     2467k  2708.6s
       737      12       127  99.41%   32993.840037    33325.283401       0.99%    14075   4128     50     2471k  2715.7s
       739      10       129  99.41%   32993.840037    33325.283401       0.99%    14077   4128     50     2475k  2723.3s
       740       9       130  99.41%   32993.840037    33325.283401       0.99%    14078   4128     50     2478k  2728.7s
       742       7       132  99.41%   32993.840037    33325.283401       0.99%    14079   4128     50     2480k  2734.6s
       743       6       133  99.41%   32993.94529     33325.283401       0.99%    14079   4128     50     2484k  2743.5s

        Nodes      |    B&B Tree     |            Objective Bounds              |  Dynamic Constraints |       Work      
Src  Proc. InQueue |  Leaves   Expl. | BestBound       BestSol              Gap |   Cuts   InLp Confl. | LpIters     Time

       745       4       135  99.41%   32993.94529     33325.283401       0.99%    14081   4128     50     2488k  2750.9s
       746       3       136  99.41%   32994.960828    33325.283401       0.99%    14082   4128     50     2492k  2759.8s
       748       1       138  99.80%   32995.125092    33325.283401       0.99%    14084   4128     50     2500k  2767.5s
       749       0       139 100.00%   32995.335959    33325.283401       0.99%    14084   4128     50     2500k  2768.3s

Solving report
  Status            Optimal
  Primal bound      33325.2834009
  Dual bound        32995.335959
  Gap               0.99% (tolerance: 0.99%)
  P-D integral      30.0814793117
  Solution status   feasible
                    33325.2834009 (objective)
                    0 (bound viol.)
                    0 (int. viol.)
                    0 (row viol.)
  Timing            2768.33 (total)
                    0.00 (presolve)
                    0.00 (solve)
                    0.00 (postsolve)
  Max sub-MIP depth 4
  Nodes             749
  Repair LPs        0 (0 feasible; 0 iterations)
  LP iterations     2500559 (total)
                    772358 (strong br.)
                    387095 (separation)
                    262274 (heuristics)
{"status": "Optimal", "solver": "HiGHS_monotone_charge_bound_MILP", "solver_version": "1.8.0", "time_limit": 7200, "requested_gap": 0.01, "solve_seconds": 2769.8426908750043, "reliable": true, "continuous_variables": 36720, "binary_variables": 12096, "constraints": 76580, "nodes": 749, "dual_bound": 32995.3359589974, "seed_verified": true, "seed_refinement": {"before_dominance": {"rounds": 4, "seconds": 1.1306669999976293, "initial_cost": 33338.45485820372, "candidate_cost": 33325.28340093144, "role": "local_region_feasible_upper_bound_only"}, "after_dominance": {"rounds": 0, "seconds": 0.24819545799982734, "initial_cost": 33325.28340093144, "candidate_cost": 33325.28340093144, "role": "local_region_feasible_upper_bound_only"}, "rounds": 4, "seconds": 1.3790094579962897, "initial_cost": 33338.45485820372, "candidate_cost": 33325.28340093144, "role": "local_region_feasible_upper_bound_only"}, "highs_primal_relative_gap_target": 0.009900990099009901, "maximum_charge_cap_dominance_presolve": true, "response_branch_valid_cuts": true, "objective": 33325.28340093144, "optimizer_objective": 33325.28340093144, "mip_gap": 0.009999820651744812, "monotone_charge_bound": true, "raw_response_difference_kwh": 0.0, "mapping_error_kwh": null, "monotone_projection_error_kwh": 0.0, "linear_feasibility_error": 1.8189894035458565e-12, "integrality_error": 0.0, "mapped_policy_cost_not_above_raw_objective": true, "certificate_error_definition": "SOC_dominance_and_emergency_nonincrease", "execution_role": "supplemental_equivalent_physical_bound_MILP_after_original_budget_failure"}
