{"date": "2025-04-27", "soc": 1200.0, "S": 28, "diagnostic_seconds": 1800}
Running HiGHS 1.8.0 (git hash: 222cce7): Copyright (c) 2024 HiGHS under MIT licence terms
Coefficient ranges:
  Matrix [9e-01, 1e+04]
  Cost   [7e-02, 1e+00]
  Bound  [1e+00, 1e+04]
  RHS    [1e-01, 1e+04]
Assessing feasibility of MIP using primal feasibility and integrality tolerance of       1e-08
Solution has               num          max          sum
Col     infeasibilities      0            0            0
Integer infeasibilities      0            0            0
Row     infeasibilities      0            0            0
Row     residuals            0            0            0
Presolving model
58310 rows, 30516 cols, 157829 nonzeros  0s
50859 rows, 24879 cols, 185051 nonzeros  0s

MIP start solution is feasible, objective value is 33325.2834009

Solving MIP model with:
   50859 rows
   24879 cols (9037 binary, 0 integer, 0 implied int., 15842 continuous)
   185051 nonzeros
MIP-Timing:         0.2 - starting analytic centre calculation

Src: B => Branching; C => Central rounding; F => Feasibility pump; H => Heuristic; L => Sub-MIP;
     P => Empty MIP; R => Randomized rounding; S => Solve LP; T => Evaluate node; U => Unbounded;
     z => Trivial zero; l => Trivial lower; u => Trivial upper; p => Trivial point

        Nodes      |    B&B Tree     |            Objective Bounds              |  Dynamic Constraints |       Work      
Src  Proc. InQueue |  Leaves   Expl. | BestBound       BestSol              Gap |   Cuts   InLp Confl. | LpIters     Time

         0       0         0   0.00%   0               33325.283401     100.00%        0      0      0         0     0.2s
         0       0         0   0.00%   32891.149803    33325.283401       1.30%        0      0      4     12396     1.5s
         0       0         0   0.00%   32913.280781    33325.283401       1.24%    11264   2097    120     17697     6.7s
         0       0         0   0.00%   32931.402093    33325.283401       1.18%    11552   3513    120     24248    12.3s
         0       0         0   0.00%   32942.88808     33325.283401       1.15%    15635   3917    120     30601    18.1s
         0       0         0   0.00%   32947.044414    33325.283401       1.13%    14888   3328    120     35738    24.1s
         0       0         0   0.00%   32948.291504    33325.283401       1.13%    13074   2123    120     77747    61.6s

0.0% inactive integer columns, restarting
Model after restart has 50823 rows, 24875 cols (9034 bin., 0 int., 0 impl., 15841 cont.), and 184957 nonzeros

         0       0         0   0.00%   32948.291504    33325.283401       1.13%     2123      0      0     77747    61.7s
         0       0         0   0.00%   32948.665637    33325.283401       1.13%     2123   1489      4     83287    63.7s
         0       0         0   0.00%   32949.699141    33325.283401       1.13%     9843   3009      4     87603    68.8s
         0       0         0   0.00%   32950.525997    33325.283401       1.12%    11802   3580      4     91473    74.3s
         9       8         0   0.39%   32950.681763    33325.283401       1.12%    11418   2197     16    277582   190.0s
        14      11         0   3.52%   32959.255331    33325.283401       1.10%    10214   3619     17    366524   267.3s
        16      11         0   9.77%   32959.255331    33325.283401       1.10%    13551   4122     17    380348   280.4s
        20       9         2  22.27%   32959.255331    33325.283401       1.10%    11917   2595     17    388863   287.6s
        23       8         2  25.39%   32959.255331    33325.283401       1.10%    11791   2753     17    393033   292.7s
        26       7         2  38.67%   32965.199751    33325.283401       1.08%    11177   3587     18    414906   318.4s
        32      11         2  39.06%   32965.199751    33325.283401       1.08%    14113   3512     19    435626   335.9s
        34      11         2  39.45%   32965.199751    33325.283401       1.08%    12192   2599     19    439875   341.3s
        43      18         2  39.45%   32965.199751    33325.283401       1.08%    13803   2743     21    450063   349.1s

        Nodes      |    B&B Tree     |            Objective Bounds              |  Dynamic Constraints |       Work      
Src  Proc. InQueue |  Leaves   Expl. | BestBound       BestSol              Gap |   Cuts   InLp Confl. | LpIters     Time

        45      18         2  39.46%   32965.199751    33325.283401       1.08%    13850   3176     21    456295   355.4s
        47      18         2  39.46%   32965.199751    33325.283401       1.08%    11863   2547     22    460986   360.4s
        52      19         2  39.46%   32965.199751    33325.283401       1.08%    12818   2439     22    466844   370.2s
        58      19         3  39.47%   32965.199751    33325.283401       1.08%    10629   2630     23    475191   377.5s
        69      26         4  41.03%   32965.227473    33325.283401       1.08%    11892   2871     26    491195   390.7s
        71      26         4  41.81%   32965.227473    33325.283401       1.08%    12688   3397     27    498730   398.1s
        73      26         4  48.06%   32965.227473    33325.283401       1.08%    14229   2492     28    506592   406.9s
        74      25         4  48.06%   32965.227473    33325.283401       1.08%     8971   3027     28    511338   412.1s
        76      25         4  49.62%   32965.227473    33325.283401       1.08%     8980   3144     30    522236   422.3s
        79      24         5  52.75%   32965.227473    33325.283401       1.08%    11328   3290     33    534201   432.9s
        82      23         5  59.00%   32965.227473    33325.283401       1.08%     9444   3625     33    539170   438.2s
        85      24         5  59.78%   32965.227473    33325.283401       1.08%    11155   2776     33    546215   446.8s
        88      23         5  73.06%   32965.227473    33325.283401       1.08%     8844   3091     34    551855   452.3s
        90      23         5  73.06%   32965.227473    33325.283401       1.08%     8853   3091     35    562467   459.5s
        93      21         7  73.84%   32965.227473    33325.283401       1.08%     8862   3091     37    576430   469.4s
       101      24         8  74.04%   32965.227473    33325.283401       1.08%    15779   3801     38    583177   476.0s
       103      24         8  74.04%   32965.227473    33325.283401       1.08%    10676   4488     39    610980   497.6s
       106      23         8  74.05%   32965.227473    33325.283401       1.08%    15274   4253     41    626772   512.3s
       108      23         8  74.05%   32965.227473    33325.283401       1.08%    10908   3340     41    632091   518.0s
       109      22         8  80.30%   32965.227473    33325.283401       1.08%    14805   3716     42    644276   528.0s

        Nodes      |    B&B Tree     |            Objective Bounds              |  Dynamic Constraints |       Work      
Src  Proc. InQueue |  Leaves   Expl. | BestBound       BestSol              Gap |   Cuts   InLp Confl. | LpIters     Time

       111      20        10  81.87%   32965.227473    33325.283401       1.08%    14806   3716     43    660962   538.6s
       116      17        13  82.69%   32965.227473    33325.283401       1.08%    10796   3886     44    693493   560.9s
       119      16        13  82.71%   32965.227473    33325.283401       1.08%    13845   2686     44    699259   566.9s
       121      14        14  85.84%   32965.341222    33325.283401       1.08%    11591   2928     44    710626   574.1s
       125      12        16  85.94%   32965.341222    33325.283401       1.08%    13556   3089     45    725433   587.6s
       127      12        16  85.99%   32965.341222    33325.283401       1.08%     7811   3213     46    733170   594.8s
       133      14        16  86.00%   32965.341222    33325.283401       1.08%    10417   2524     46    737033   600.0s
       142      19        16  86.00%   32965.341222    33325.283401       1.08%    13600   2747     46    744138   605.8s
       146      17        17  87.59%   32972.291046    33325.283401       1.06%    13571   3139     49    763603   622.7s
       151      20        17  87.59%   32972.291046    33325.283401       1.06%     9283   2879     49    772807   631.8s
       157      22        17  87.59%   32972.291046    33325.283401       1.06%    11794   3066     49    781502   638.6s
       161      22        18  87.59%   32972.291046    33325.283401       1.06%    13055   3164     51    794810   649.0s
       164      25        18  87.59%   32972.291046    33325.283401       1.06%    13057   3164     52    804187   654.9s
       168      25        18  87.59%   32972.291046    33325.283401       1.06%    11824   2590     53    821199   669.8s
       170      25        18  87.59%   32972.291046    33325.283401       1.06%    13053   2674     53    841989   684.1s
       173      24        18  90.72%   32979.609737    33325.283401       1.04%    10819   2881     53    856067   696.5s
       175      24        18  90.72%   32979.609737    33325.283401       1.04%    12595   3032     54    864757   703.2s
       178      25        18  90.72%   32979.609737    33325.283401       1.04%    13662   3135     54    874116   709.0s
       184      23        20  90.72%   32979.609737    33325.283401       1.04%     8864   3217     56    894649   721.4s
       188      27        20  90.72%   32979.609737    33325.283401       1.04%     9829   3299     56    899876   726.5s

        Nodes      |    B&B Tree     |            Objective Bounds              |  Dynamic Constraints |       Work      
Src  Proc. InQueue |  Leaves   Expl. | BestBound       BestSol              Gap |   Cuts   InLp Confl. | LpIters     Time

       191      26        20  90.72%   32979.609737    33325.283401       1.04%    12038   2605     57    907231   733.6s
       195      24        22  92.28%   32979.810069    33325.283401       1.04%    13241   2957     59    927398   755.5s
       198      23        23  92.28%   32979.810069    33325.283401       1.04%    13243   2957     60    938680   764.3s
       204      21        25  93.06%   32979.810069    33325.283401       1.04%    10248   3085     68    954203   777.5s
       206      21        25  93.45%   32979.810069    33325.283401       1.04%    11670   3491     68    963840   787.2s
       208      21        25  93.65%   32979.810069    33325.283401       1.04%    12783   2360     68    967364   793.2s
       216      25        25  93.66%   32979.810069    33325.283401       1.04%    10116   2551     68    974036   800.0s
       222      24        26  93.68%   32979.810069    33325.283401       1.04%    12904   2451     69    977726   808.0s
       239      30        27  93.68%   32979.810069    33325.283401       1.04%    11978   2612     70    984489   816.1s
       245      38        27  94.46%   32980.757117    33325.283401       1.03%    11651   2856     70     1000k   827.8s
       247      38        27  94.46%   32980.757117    33325.283401       1.03%    12710   2365     70     1006k   834.6s
       260      36        32  94.46%   32980.757117    33325.283401       1.03%    11210   2635     72     1010k   840.5s
       269      36        34  95.24%   32981.706864    33325.283401       1.03%    13863   2482     76     1023k   853.1s
       273      34        35  95.63%   32981.706864    33325.283401       1.03%    10129   2638     77     1028k   858.9s
       277      34        35  95.73%   32981.706864    33325.283401       1.03%    11471   2775     79     1036k   866.4s
       285      38        35  95.83%   32981.706864    33325.283401       1.03%    12653   2247     80     1042k   872.1s
       290      41        35  95.83%   32981.706864    33325.283401       1.03%    11319   2325     80     1050k   879.0s
       292      41        35  95.83%   32981.706864    33325.283401       1.03%    11947   2393     81     1058k   886.7s
       299      42        37  96.22%   32982.827504    33325.283401       1.03%    12981   2483     82     1064k   892.3s
       303      42        37  96.22%   32982.827504    33325.283401       1.03%    11956   2442     82     1070k   898.0s

        Nodes      |    B&B Tree     |            Objective Bounds              |  Dynamic Constraints |       Work      
Src  Proc. InQueue |  Leaves   Expl. | BestBound       BestSol              Gap |   Cuts   InLp Confl. | LpIters     Time

       310      43        37  96.22%   32982.827504    33325.283401       1.03%    10882   2143     82     1074k   909.7s
       313      42        37  96.22%   32982.827504    33325.283401       1.03%    12785   2667     82     1080k   915.7s
       316      41        37  96.61%   32983.560203    33325.283401       1.03%    10581   3000     82     1093k   928.6s
       318      41        37  96.62%   32983.560203    33325.283401       1.03%    11747   3177     82     1098k   933.9s
       324      37        40  96.81%   32983.560203    33325.283401       1.03%    10237   2759     83     1116k   951.0s
       326      37        40  96.81%   32983.560203    33325.283401       1.03%    11326   2950     84     1125k   958.2s
       330      33        43  97.22%   32984.07776     33325.283401       1.02%    12517   3128     84     1131k   964.6s
       333      32        44  97.34%   32984.07776     33325.283401       1.02%    13748   3319     84     1144k   976.5s
       336      31        45  97.37%   32984.07776     33325.283401       1.02%    11752   2569     85     1162k   995.2s
       339      30        46  97.44%   32984.07776     33325.283401       1.02%    13220   2812     85     1172k  1004.0s
       343      30        46  97.48%   32984.07776     33325.283401       1.02%    11194   2916     85     1179k  1013.6s
       346      29        48  97.58%   32984.44592     33325.283401       1.02%    12375   3057     86     1192k  1025.6s
       348      29        48  97.58%   32984.44592     33325.283401       1.02%    13584   3211     86     1199k  1032.1s
       354      31        48  97.58%   32984.44592     33325.283401       1.02%    11820   3470     88     1203k  1038.3s
       358      31        49  97.59%   32984.44592     33325.283401       1.02%    12679   2557     88     1212k  1050.1s
       363      31        50  97.59%   32984.44592     33325.283401       1.02%    10108   2688     90     1225k  1062.1s
       367      33        51  97.59%   32984.44592     33325.283401       1.02%    10923   2795     91     1232k  1068.6s
       371      34        51  97.59%   32984.44592     33325.283401       1.02%    11718   2914     91     1237k  1074.1s
       373      34        51  97.63%   32984.458295    33325.283401       1.02%    11285   2733     92     1247k  1084.7s
       381      40        51  97.63%   32984.458295    33325.283401       1.02%    12266   2851     92     1292k  1102.0s

        Nodes      |    B&B Tree     |            Objective Bounds              |  Dynamic Constraints |       Work      
Src  Proc. InQueue |  Leaves   Expl. | BestBound       BestSol              Gap |   Cuts   InLp Confl. | LpIters     Time

       384      41        51  97.63%   32984.458295    33325.283401       1.02%    13119   2970     95     1319k  1119.2s
       389      42        51  97.63%   32984.458295    33325.283401       1.02%    12724   3225     96     1334k  1130.3s
       391      42        51  97.63%   32984.458295    33325.283401       1.02%    13374   2323     96     1339k  1139.8s
       395      38        54  97.63%   32984.458295    33325.283401       1.02%     9507   2576     96     1345k  1146.9s
       397      38        54  97.66%   32985.089716    33325.283401       1.02%    11700   3085     97     1371k  1170.5s
       399      38        54  97.67%   32985.089716    33325.283401       1.02%    12397   2468     97     1376k  1176.9s
       401      38        54  97.68%   32985.089716    33325.283401       1.02%    12941   2568     97     1381k  1182.2s
       409      44        54  97.68%   32985.089716    33325.283401       1.02%    11578   2689     97     1391k  1191.6s
       411      44        54  97.68%   32985.089716    33325.283401       1.02%    12454   2858     97     1399k  1199.1s
       414      45        54  97.68%   32985.089716    33325.283401       1.02%    13430   3016     98     1405k  1205.5s
       416      45        54  97.68%   32985.089716    33325.283401       1.02%     9484   2490     98     1413k  1215.0s
       422      49        54  97.68%   32985.089716    33325.283401       1.02%    10017   2585     98     1418k  1221.0s
       426      49        54  97.68%   32985.089716    33325.283401       1.02%    11786   2906     99     1424k  1228.3s
       428      49        54  97.68%   32985.2216      33325.283401       1.02%    13903   2526     99     1435k  1247.5s
       430      49        54  97.68%   32985.2216      33325.283401       1.02%    11796   2725     99     1444k  1256.6s
       437      48        56  97.68%   32985.2216      33325.283401       1.02%    13030   2873    101     1450k  1263.6s
       446      54        58  97.68%   32985.2216      33325.283401       1.02%    13065   3165    103     1456k  1271.6s
       452      55        59  97.68%   32985.2216      33325.283401       1.02%    13757   2268    104     1463k  1282.0s
       455      54        60  97.68%   32985.2216      33325.283401       1.02%     9647   2406    104     1472k  1290.3s
       459      53        62  97.68%   32985.2216      33325.283401       1.02%    10522   2569    106     1479k  1298.7s

        Nodes      |    B&B Tree     |            Objective Bounds              |  Dynamic Constraints |       Work      
Src  Proc. InQueue |  Leaves   Expl. | BestBound       BestSol              Gap |   Cuts   InLp Confl. | LpIters     Time

       461      54        62  97.68%   32985.2216      33325.283401       1.02%    10524   2569    107     1487k  1306.9s
       463      54        62  97.68%   32985.2216      33325.283401       1.02%    11190   2706    107     1492k  1312.8s
       466      53        63  97.68%   32985.280884    33325.283401       1.02%    12595   3013    107     1507k  1331.1s
       470      50        66  97.68%   32985.280884    33325.283401       1.02%    13778   3180    108     1512k  1339.3s
       476      49        68  97.68%   32985.280884    33325.283401       1.02%    11325   3518    110     1537k  1365.3s
       478      49        68  97.68%   32985.280884    33325.283401       1.02%    12961   2554    110     1542k  1373.8s
       481      48        68  97.68%   32985.280884    33325.283401       1.02%    11126   2850    110     1548k  1382.5s
       483      48        68  97.69%   32987.049696    33325.283401       1.01%    13217   3135    106     1557k  1393.0s
       485      48        68  97.69%   32987.049696    33325.283401       1.01%    10013   2713     94     1567k  1408.4s
       488      47        69  97.69%   32987.049696    33325.283401       1.01%    11042   2899     93     1576k  1420.4s
       489      46        69  97.69%   32987.049696    33325.283401       1.01%    13271   3270     93     1581k  1426.9s
       491      46        69  97.69%   32987.049696    33325.283401       1.01%    14475   3425     93     1597k  1441.4s
       493      46        69  97.69%   32987.049696    33325.283401       1.01%    12578   2404     93     1606k  1448.3s
       495      46        69  97.69%   32987.049696    33325.283401       1.01%    12018   2740     94     1631k  1470.4s
       499      46        69  97.69%   32987.049696    33325.283401       1.01%    13235   3010     93     1641k  1480.2s
       501      46        69  97.69%   32987.142496    33325.283401       1.01%    11584   3287     92     1655k  1494.6s
       503      46        69  97.69%   32987.142496    33325.283401       1.01%    12558   3428     92     1662k  1501.8s
       507      46        70  97.69%   32987.142496    33325.283401       1.01%    13527   3551     90     1666k  1506.8s
       509      46        70  97.69%   32987.142496    33325.283401       1.01%    14650   2574     90     1675k  1521.5s
       513      46        70  97.69%   32987.142496    33325.283401       1.01%    11126   2787     90     1680k  1527.1s

        Nodes      |    B&B Tree     |            Objective Bounds              |  Dynamic Constraints |       Work      
Src  Proc. InQueue |  Leaves   Expl. | BestBound       BestSol              Gap |   Cuts   InLp Confl. | LpIters     Time

       518      47        70  97.69%   32987.142496    33325.283401       1.01%    11953   2993     90     1686k  1534.2s
       520      47        70  97.69%   32987.142496    33325.283401       1.01%    12420   2633     86     1693k  1545.2s
       522      47        70  97.69%   32988.062884    33325.283401       1.01%    10765   3036     85     1708k  1560.2s
       524      47        70  97.69%   32988.062884    33325.283401       1.01%    11772   3167     84     1723k  1573.8s
       526      47        70  97.69%   32988.062884    33325.283401       1.01%    12367   3292     84     1730k  1581.4s
       528      47        71  97.69%   32988.062884    33325.283401       1.01%    13573   2697     84     1742k  1596.1s
       533      48        71  97.69%   32988.062884    33325.283401       1.01%    12804   2944     80     1752k  1607.3s
       536      49        71  97.69%   32988.062884    33325.283401       1.01%    14198   3097     80     1758k  1615.0s
       540      49        71  97.69%   32988.062884    33325.283401       1.01%    12108   2422     80     1769k  1636.2s
       545      50        71  97.69%   32988.672778    33325.283401       1.01%    11274   2709     80     1779k  1647.3s
       547      50        71  97.69%   32988.672778    33325.283401       1.01%    12099   2855     80     1790k  1656.4s
       549      50        71  97.69%   32988.672778    33325.283401       1.01%    13257   3016     77     1797k  1663.6s
       554      51        71  97.69%   32988.672778    33325.283401       1.01%    11035   2752     75     1805k  1674.3s
       561      51        73  97.69%   32988.672778    33325.283401       1.01%    11713   2921     76     1809k  1679.8s
       565      52        73  97.69%   32988.672778    33325.283401       1.01%    12089   3002     75     1813k  1685.5s
       567      52        73  97.69%   32988.672778    33325.283401       1.01%    11002   2527     73     1822k  1694.9s
       571      52        73  97.71%   32989.121625    33325.283401       1.01%    12775   2840     73     1829k  1703.5s
       573      52        73  97.71%   32989.121625    33325.283401       1.01%    13365   2960     73     1842k  1715.3s
       575      52        73  97.73%   32989.121625    33325.283401       1.01%    16066   3680     73     1851k  1725.7s
       577      52        73  97.73%   32989.121625    33325.283401       1.01%    14238   3071     72     1861k  1752.1s

        Nodes      |    B&B Tree     |            Objective Bounds              |  Dynamic Constraints |       Work      
Src  Proc. InQueue |  Leaves   Expl. | BestBound       BestSol              Gap |   Cuts   InLp Confl. | LpIters     Time

       579      52        74  97.73%   32989.121625    33325.283401       1.01%     7283   3417     72     1868k  1759.9s
       581      52        74  97.73%   32989.121625    33325.283401       1.01%     9304   3759     72     1875k  1767.5s
       583      52        74  97.73%   32989.121625    33325.283401       1.01%    10935   3972     73     1883k  1776.5s
       589      54        74  97.73%   32989.121625    33325.283401       1.01%    13336   3197     73     1894k  1795.8s
       591      55        75  97.73%   32989.121625    33325.283401       1.01%     9244   3341     71     1896k  1798.6s

Solving report
  Status            Time limit reached
  Primal bound      33325.2834009
  Dual bound        32989.1216255
  Gap               1.01% (tolerance: 0.99%)
  P-D integral      20.1386795252
  Solution status   feasible
                    33325.2834009 (objective)
                    0 (bound viol.)
                    0 (int. viol.)
                    0 (row viol.)
  Timing            1798.63 (total)
                    0.00 (presolve)
                    0.00 (solve)
                    0.00 (postsolve)
  Max sub-MIP depth 4
  Nodes             591
  Repair LPs        0 (0 feasible; 0 iterations)
  LP iterations     1896660 (total)
                    663704 (strong br.)
                    315207 (separation)
                    104762 (heuristics)
{"status": "Time limit reached", "solver": "HiGHS_monotone_charge_bound_MILP", "solver_version": "1.8.0", "time_limit": 1800, "requested_gap": 0.01, "solve_seconds": 1800.0721262919978, "reliable": false, "continuous_variables": 36720, "binary_variables": 12096, "constraints": 76580, "nodes": 591, "dual_bound": 32989.12162548969, "seed_verified": true, "seed_refinement": {"before_dominance": {"rounds": 4, "seconds": 1.0773114999974496, "initial_cost": 33338.45485820372, "candidate_cost": 33325.28340093144, "role": "local_region_feasible_upper_bound_only"}, "after_dominance": {"rounds": 0, "seconds": 0.23970583300251747, "initial_cost": 33325.28340093144, "candidate_cost": 33325.28340093144, "role": "local_region_feasible_upper_bound_only"}, "rounds": 4, "seconds": 1.317145791996154, "initial_cost": 33338.45485820372, "candidate_cost": 33325.28340093144, "role": "local_region_feasible_upper_bound_only"}, "highs_primal_relative_gap_target": 0.009900990099009901, "maximum_charge_cap_dominance_presolve": true, "response_branch_valid_cuts": true, "objective": 33325.28340093144, "optimizer_objective": 33325.28340093144, "mip_gap": 0.010190079604362781, "monotone_charge_bound": true, "raw_response_difference_kwh": 0.0, "mapping_error_kwh": null, "monotone_projection_error_kwh": 0.0, "linear_feasibility_error": 1.8189894035458565e-12, "integrality_error": 0.0, "mapped_policy_cost_not_above_raw_objective": true, "certificate_error_definition": "SOC_dominance_and_emergency_nonincrease", "execution_role": "supplemental_equivalent_physical_bound_MILP_after_original_budget_failure"}
