{
  "status": "passed",
  "new_day_cases": 20,
  "new_optimal_nodes": 32,
  "baseline_days_reused": 6,
  "baseline_nodes_matrix_verified": 12,
  "baseline_resolved": 0,
  "baseline_source_files_unchanged": true,
  "physical_and_settlement_checks": true,
  "strict_history_boundaries": true,
  "rho_scenario_probability_frozen": true,
  "weights_full_pipeline_rebuilt": true,
  "rolling_node_soc_chain": true,
  "optional_window_scenarios": "not run under requested stopping rule",
  "max_primal_error": 6.901217375343549e-10,
  "max_certificate_error": 4.3655745685100555e-11
}
mode       date parameter setting  delta_cost_pct  delta_emergency_kwh  delta_emergency_pct  delta_adjustment_cost    final_soc
 4-2 2025-07-01       rho    0.75        1.297764           375.086454             3.718680               0.000000  1800.000000
 4-2 2025-07-06       rho    0.75        1.529960           568.938946             9.077000               0.000000  2550.000000
 4-2 2025-09-18       rho    0.75        0.039571            66.997250             3.291130               0.000000  1200.000000
 4-2 2025-12-14       rho    0.75       -0.113387           195.356641            19.480101               0.000000  9300.000000
 4-2 2025-07-01       rho    1.25       -2.173070          -561.637271            -5.568180               0.000000  1200.000000
 4-2 2025-07-06       rho    1.25       -1.676345          -496.023724            -7.913691               0.000000  2550.000000
 4-2 2025-09-18       rho    1.25       -0.047015           -41.385484            -2.032994               0.000000  1200.000000
 4-2 2025-12-14       rho    1.25        0.212097          -121.130777           -12.078626               0.000000 10050.000000
 4-2 2025-07-01    weight     0.3       -1.470395          -379.706506            -3.764484               0.000000  1800.000000
 4-2 2025-07-06    weight     0.3       -1.323733          -259.144598            -4.134460               0.000000  1950.000000
 4-2 2025-09-18    weight     0.3       -0.214998           -47.503099            -2.333512               0.000000  1200.000000
 4-2 2025-12-14    weight     0.3       -1.131815          -261.818862           -26.107420               0.000000  9300.000000
 4-2 2025-07-01    weight     0.7       -1.489359          -382.110300            -3.788315               0.000000  1200.000000
 4-2 2025-07-06    weight     0.7        1.193783           458.973907             7.322589               0.000000  2700.000000
 4-2 2025-09-18    weight     0.7        0.083595           -73.291187            -3.600309               0.000000  1200.000000
 4-2 2025-12-14    weight     0.7       -0.154228           104.870480            10.457221               0.000000  9300.000000
 4-3 2025-07-01       rho    0.75        4.022234           870.247268            11.275465            -143.527745  1305.261005
 4-3 2025-09-02       rho    0.75       -0.151939             4.330956            54.900243              78.024959  1200.000000
 4-3 2025-07-01       rho    1.25       -1.807719          -450.870186            -5.841755             199.127086  1400.233613
 4-3 2025-09-02       rho    1.25        0.246154             0.000000             0.000000             -62.445327  1200.000000
