START 4-2_rho_0.75_2025-09-18
DONE 4-2_rho_0.75_2025-09-18 0.0396 % 0.38 s
START 4-2_rho_0.75_2025-12-14
DONE 4-2_rho_0.75_2025-12-14 -0.1134 % 0.59 s
START 4-2_rho_0.75_2025-07-01
DONE 4-2_rho_0.75_2025-07-01 1.2978 % 0.38 s
START 4-2_rho_0.75_2025-07-06
DONE 4-2_rho_0.75_2025-07-06 1.53 % 0.5 s
START 4-2_rho_1.25_2025-09-18
DONE 4-2_rho_1.25_2025-09-18 -0.047 % 0.42 s
START 4-2_rho_1.25_2025-12-14
DONE 4-2_rho_1.25_2025-12-14 0.2121 % 0.66 s
START 4-2_rho_1.25_2025-07-01
DONE 4-2_rho_1.25_2025-07-01 -2.1731 % 0.58 s
START 4-2_rho_1.25_2025-07-06
DONE 4-2_rho_1.25_2025-07-06 -1.6763 % 0.47 s
START 4-2_weight_0.7_2025-09-18
DONE 4-2_weight_0.7_2025-09-18 0.0836 % 0.34 s
START 4-2_weight_0.7_2025-12-14
DONE 4-2_weight_0.7_2025-12-14 -0.1542 % 0.61 s
START 4-2_weight_0.7_2025-07-01
DONE 4-2_weight_0.7_2025-07-01 -1.4894 % 0.47 s
START 4-2_weight_0.7_2025-07-06
DONE 4-2_weight_0.7_2025-07-06 1.1938 % 0.46 s
START 4-2_weight_0.3_2025-09-18
DONE 4-2_weight_0.3_2025-09-18 -0.215 % 0.49 s
START 4-2_weight_0.3_2025-12-14
DONE 4-2_weight_0.3_2025-12-14 -1.1318 % 0.58 s
START 4-2_weight_0.3_2025-07-01
DONE 4-2_weight_0.3_2025-07-01 -1.4704 % 0.63 s
START 4-2_weight_0.3_2025-07-06
DONE 4-2_weight_0.3_2025-07-06 -1.3237 % 0.47 s
