2026-09-11T17:02:13.350329+00:00 启动 main PID=7422
2026-09-11T17:02:13.352793+00:00 启动 structure_separate PID=7423
2026-09-11T17:02:23.376536+00:00 启动 structure_direct_net PID=7435
2026-09-11T17:02:33.398129+00:00 启动 forecast PID=7441
2026-09-11T17:02:43.425177+00:00 启动 horizon_1 PID=7452
2026-09-11T17:23:31.129522+00:00 启动 horizon_2 PID=9427
2026-09-11T17:41:05.178390+00:00 启动 horizon_3 PID=10500
2026-09-11T19:57:44.879528+00:00 启动 horizon_1 PID=18420
2026-09-11T20:27:24.338781+00:00 启动 main PID=20150
2026-09-11T21:27:58.132578+00:00 启动 horizon_1 PID=23741
2026-09-11T21:57:55.384143+00:00 启动 horizon_2 PID=25443
2026-09-11T22:23:24.290021+00:00 启动 horizon_1 PID=26974
2026-09-11T22:43:21.152806+00:00 启动 main PID=28187
2026-09-11T23:47:45.520759+00:00 启动 horizon_3 PID=32081
2026-09-12T00:25:58.504837+00:00 启动 horizon_2 PID=34303
2026-09-12T01:09:58.403378+00:00 启动 horizon_3 PID=37204
2026-09-12T02:05:53.251165+00:00 启动 predictor_week_mean7 PID=39588
2026-09-12T02:07:02.827592+00:00 启动 main PID=39652
2026-09-12T02:07:02.832034+00:00 启动 horizon_1 PID=39653
2026-09-12T02:41:26.336415+00:00 启动 main PID=42066
2026-09-12T02:41:26.342686+00:00 启动 horizon_1 PID=42067
2026-09-12T03:27:32.302119+00:00 启动 horizon_2 PID=45848
2026-09-12T04:04:05.479004+00:00 启动 horizon_3 PID=49011
2026-09-12T04:22:45.302740+00:00 启动 main PID=50991
2026-09-12T04:22:45.306147+00:00 启动 horizon_1 PID=50992
2026-09-12T04:42:20.603228+00:00 启动 horizon_2 PID=52948
2026-09-12T05:01:34.460051+00:00 启动 main PID=54908
2026-09-12T05:01:34.464182+00:00 启动 horizon_2 PID=54909
2026-09-12T05:04:25.464971+00:00 启动 horizon_3 PID=55325
2026-09-12T05:16:28.891366+00:00 启动 predictor_week_mean7 PID=56329
2026-09-12T05:32:12.810449+00:00 启动 predictor_week_dhr PID=57465
2026-09-12T06:14:53.066958+00:00 启动 predictor_lgb_mean7 PID=60874
2026-09-12T06:22:44.904196+00:00 启动 predictor_lgb_dhr PID=61428
2026-09-12T07:07:04.703892+00:00 启动 window_56 PID=64937
2026-09-12T07:10:45.467493+00:00 启动 window_84 PID=65186
