从已验收的6日连续回放检查点续算
2025-02-07 原预算全候选受限，追加900秒预算，gap仍为1%
真实回放 2025-02-07 K=2 S=22 SOC=8668.690
真实回放 2025-02-08 K=2 S=23 SOC=8557.956
真实回放 2025-02-09 K=2 S=24 SOC=8310.919
真实回放 2025-02-10 K=2 S=25 SOC=8208.356
真实回放 2025-02-11 K=2 S=26 SOC=8229.572
真实回放 2025-02-12 K=2 S=27 SOC=8142.346
真实回放 2025-02-13 K=2 S=27 SOC=7389.010
真实回放 2025-02-14 K=2 S=27 SOC=7108.779
真实回放 2025-02-15 K=2 S=27 SOC=8073.894
真实回放 2025-02-16 K=2 S=27 SOC=7947.260
真实回放 2025-02-17 K=2 S=27 SOC=8229.975
真实回放 2025-02-18 K=2 S=27 SOC=8382.257
真实回放 2025-02-19 K=2 S=27 SOC=7813.259
真实回放 2025-02-20 K=2 S=27 SOC=6697.088
真实回放 2025-02-21 K=2 S=27 SOC=6527.180
真实回放 2025-02-22 K=2 S=27 SOC=7936.681
真实回放 2025-02-23 K=2 S=27 SOC=8119.608
真实回放 2025-02-24 K=2 S=27 SOC=8004.064
真实回放 2025-02-25 K=2 S=27 SOC=8002.103
真实回放 2025-02-26 K=2 S=27 SOC=7921.713
真实回放 2025-02-27 K=2 S=27 SOC=6012.330
真实回放 2025-02-28 K=2 S=27 SOC=6065.951
真实回放 2025-03-01 K=2 S=27 SOC=7862.545
真实回放 2025-03-02 K=2 S=27 SOC=7773.996
真实回放 2025-03-03 K=2 S=27 SOC=7682.048
2025-03-04 原预算全候选受限，追加900秒预算，gap仍为1%
真实回放 2025-03-04 K=2 S=27 SOC=7974.450
2025-03-05 原预算全候选受限，追加900秒预算，gap仍为1%
真实回放 2025-03-05 K=2 S=27 SOC=7905.907
真实回放 2025-03-06 K=2 S=27 SOC=5716.380
真实回放 2025-03-07 K=2 S=27 SOC=4993.495
真实回放 2025-03-08 K=2 S=27 SOC=8153.133
2025-03-09 原预算全候选受限，追加900秒预算，gap仍为1%
真实回放 2025-03-09 K=2 S=27 SOC=7846.603
2025-03-10 原预算全候选受限，追加900秒预算，gap仍为1%
真实回放 2025-03-10 K=2 S=27 SOC=7659.992
2025-03-11 原预算全候选受限，追加900秒预算，gap仍为1%
真实回放 2025-03-11 K=2 S=27 SOC=7900.487
2025-03-12 原预算全候选受限，追加900秒预算，gap仍为1%
真实回放 2025-03-12 K=2 S=27 SOC=7653.259
真实回放 2025-03-13 K=2 S=27 SOC=4158.220
真实回放 2025-03-14 K=2 S=27 SOC=4457.563
2025-03-15 原预算全候选受限，追加900秒预算，gap仍为1%
真实回放 2025-03-15 K=2 S=27 SOC=7880.855
2025-03-16 原预算全候选受限，追加900秒预算，gap仍为1%
真实回放 2025-03-16 K=2 S=27 SOC=8081.649
2025-03-17 原预算全候选受限，追加900秒预算，gap仍为1%
真实回放 2025-03-17 K=2 S=27 SOC=8213.722
2025-03-18 原预算全候选受限，追加900秒预算，gap仍为1%
真实回放 2025-03-18 K=2 S=27 SOC=8104.403
2025-03-19 原预算全候选受限，追加900秒预算，gap仍为1%
真实回放 2025-03-19 K=2 S=27 SOC=8395.336
真实回放 2025-03-20 K=2 S=27 SOC=4122.996
真实回放 2025-03-21 K=2 S=27 SOC=4166.029
真实回放 2025-03-22 K=2 S=27 SOC=8478.718
2025-03-23 原预算全候选受限，追加900秒预算，gap仍为1%
真实回放 2025-03-23 K=2 S=27 SOC=7960.128
2025-03-24 原预算全候选受限，追加900秒预算，gap仍为1%
真实回放 2025-03-24 K=2 S=27 SOC=7949.017
2025-03-25 原预算全候选受限，追加900秒预算，gap仍为1%
真实回放 2025-03-25 K=2 S=27 SOC=7987.161
2025-03-26 原预算全候选受限，追加900秒预算，gap仍为1%
真实回放 2025-03-26 K=2 S=27 SOC=8166.265
真实回放 2025-03-27 K=2 S=27 SOC=3711.027
真实回放 2025-03-28 K=2 S=27 SOC=4148.486
真实回放 2025-03-29 K=2 S=27 SOC=8317.147
2025-03-30 原预算全候选受限，追加900秒预算，gap仍为1%
真实回放 2025-03-30 K=2 S=27 SOC=8328.548
2025-03-31 原预算全候选受限，追加900秒预算，gap仍为1%
真实回放 2025-03-31 K=2 S=27 SOC=8131.210
2025-04-01 原预算全候选受限，追加900秒预算，gap仍为1%
真实回放 2025-04-01 K=2 S=27 SOC=8137.999
2025-04-02 原预算全候选受限，追加900秒预算，gap仍为1%
真实回放 2025-04-02 K=2 S=27 SOC=8114.344
真实回放 2025-04-03 K=2 S=27 SOC=3478.724
真实回放 2025-04-04 K=2 S=27 SOC=3968.444
2025-04-05 原预算全候选受限，追加900秒预算，gap仍为1%
真实回放 2025-04-05 K=2 S=27 SOC=8087.846
2025-04-06 原预算全候选受限，追加900秒预算，gap仍为1%
真实回放 2025-04-06 K=2 S=27 SOC=8281.594
2025-04-07 原预算全候选受限，追加900秒预算，gap仍为1%
真实回放 2025-04-07 K=2 S=27 SOC=8263.314
2025-04-08 原预算全候选受限，追加900秒预算，gap仍为1%
真实回放 2025-04-08 K=2 S=27 SOC=7918.553
2025-04-09 原预算全候选受限，追加900秒预算，gap仍为1%
真实回放 2025-04-09 K=2 S=27 SOC=7906.078
2025-04-10 原预算全候选受限，追加900秒预算，gap仍为1%
真实回放 2025-04-10 K=2 S=27 SOC=3178.987
真实回放 2025-04-11 K=2 S=27 SOC=3268.764
2025-04-12 原预算全候选受限，追加900秒预算，gap仍为1%
真实回放 2025-04-12 K=2 S=27 SOC=8264.098
2025-04-13 原预算全候选受限，追加900秒预算，gap仍为1%
真实回放 2025-04-13 K=2 S=27 SOC=8180.434
2025-04-14 原预算全候选受限，追加900秒预算，gap仍为1%
真实回放 2025-04-14 K=2 S=27 SOC=8125.321
2025-04-15 原预算全候选受限，追加900秒预算，gap仍为1%
Traceback (most recent call last):
  File "/Users/slumpyfufu/Desktop/Projects/ShumoGuosai/src/q2/full_run.py", line 155, in worker
    raise RuntimeError(f"实验尚未完成：{statuses}")
RuntimeError: 实验尚未完成：{'horizon_2': {'complete': False, 'reason': '未获得满足预注册MIP gap及映射验收的策略；不得当正式解发布', 'details': {'2': {'selection': {'pipeline': ['load_lgb_1', 'pv_mean7'], 'origin_indices': [76, 77, 78, 79, 80, 81, 82, 83, 84, 85, 86, 87, 88, 89, 90, 91, 92, 93, 94, 95, 96, 97, 98, 99, 100, 101, 102], 'window_days': 28, 'common_scored_origins': [76, 77, 78, 79, 80, 81, 82, 83, 84, 85, 86, 87, 88, 89, 90, 91, 92, 93, 94, 95, 96, 97, 98, 99, 100, 101, 102], 'scores': {'load_week|pv_mean7': {'econ': 36.21973258504091, 'net_mae': 236.7441088697825, 'net_rmse': 344.50565547952766, 'load_mae': 125.06369184670783, 'load_rmse': 155.89636793732524, 'pv_mae': 159.6314799419459, 'pv_rmse': 304.871007528502}, 'load_week|pv_dhr': {'econ': 44.90333395041445, 'net_mae': 233.3406386253702, 'net_rmse': 341.072833623962, 'load_mae': 125.06369184670783, 'load_rmse': 155.89636793732524, 'pv_mae': 163.3826742968207, 'pv_rmse': 302.66016445733544}, 'load_lgb_1|pv_mean7': {'econ': 31.83264655596665, 'net_mae': 218.90170718021093, 'net_rmse': 329.9286354911916, 'load_mae': 100.7487413071687, 'load_rmse': 126.87851962349862, 'pv_mae': 159.6314799419459, 'pv_rmse': 304.871007528502}, 'load_lgb_1|pv_dhr': {'econ': 40.7897793423543, 'net_mae': 217.29766001977504, 'net_rmse': 329.26546906254924, 'load_mae': 100.7487413071687, 'load_rmse': 126.87851962349862, 'pv_mae': 163.3826742968207, 'pv_rmse': 302.66016445733544}}, 'selection_uses_dispatch_cost': False, 'minimum_blocks': 14}, 'error': {'M': 27, 'candidates': {'27': {'scenarios': {'reduced': False, 'M': 27, 'S': 27, 'indices': [0, 1, 2, 3, 4, 5, 6, 7, 8, 9, 10, 11, 12, 13, 14, 15, 16, 17, 18, 19, 20, 21, 22, 23, 24, 25, 26], 'weights': [0.037037037037037035, 0.037037037037037035, 0.037037037037037035, 0.037037037037037035, 0.037037037037037035, 0.037037037037037035, 0.037037037037037035, 0.037037037037037035, 0.037037037037037035, 0.037037037037037035, 0.037037037037037035, 0.037037037037037035, 0.037037037037037035, 0.037037037037037035, 0.037037037037037035, 0.037037037037037035, 0.037037037037037035, 0.037037037037037035, 0.037037037037037035, 0.037037037037037035, 0.037037037037037035, 0.037037037037037035, 0.037037037037037035, 0.037037037037037035, 0.037037037037037035, 0.037037037037037035, 0.037037037037037035]}, 'solver': {'status': 'Time limit reached', 'solver': 'HiGHS_physical_bound_linear_MILP', 'solver_version': '1.8.0', 'time_limit': 900, 'requested_gap': 0.01, 'solve_seconds': 900.1231317919955, 'reliable': False, 'continuous_variables': 39744, 'binary_variables': 54432, 'constraints': 139968, 'nodes': 0, 'dual_bound': 69435.04139205664, 'seed_verified': True, 'seed_refinement': {'before_dominance': {'rounds': 25, 'seconds': 18.20203420799953, 'initial_cost': 70163.26791973005, 'candidate_cost': 70137.22545713748, 'role': 'local_region_feasible_upper_bound_only'}, 'after_dominance': {'rounds': 2, 'seconds': 1.77993620900088, 'initial_cost': 70137.22545713748, 'candidate_cost': 70136.89106630959, 'role': 'local_region_feasible_upper_bound_only'}, 'rounds': 27, 'seconds': 19.98212725000485, 'initial_cost': 70163.26791973005, 'candidate_cost': 70136.89106630959, 'role': 'local_region_feasible_upper_bound_only'}, 'highs_primal_relative_gap_target': 0.009900990099009901, 'maximum_charge_cap_dominance_presolve': True, 'objective': 70136.89106630959, 'optimizer_objective': 70136.89106630959, 'mip_gap': 0.010108003972951399, 'mapping_error_kwh': 0.0, 'execution_role': 'supplemental_equivalent_physical_bound_MILP_after_original_budget_failure'}, 'full_pool_first_day_emergency_cost': 606.3270976820371, 'scenario_first_day_emergency_cost': 606.3270976820371, 'tail_quantiles': {'0.8': {'mean_absolute_error_kwh': 0.0, 'normalized_error': 0.0, 'positive_tail_underestimate_kwh': 0.0}, '0.9': {'mean_absolute_error_kwh': 0.0, 'normalized_error': 0.0, 'positive_tail_underestimate_kwh': 0.0}}}}, 'computational_limited': False}}}}}
