从已验收的35日连续回放检查点续算
2025-03-08 原预算全候选受限，追加900秒预算，gap仍为1%
真实回放 2025-03-08 K=3 S=26 SOC=8161.535
2025-03-09 原预算全候选受限，追加900秒预算，gap仍为1%
真实回放 2025-03-09 K=3 S=26 SOC=7815.950
2025-03-10 原预算全候选受限，追加900秒预算，gap仍为1%
真实回放 2025-03-10 K=3 S=26 SOC=7637.029
2025-03-11 原预算全候选受限，追加900秒预算，gap仍为1%
真实回放 2025-03-11 K=3 S=26 SOC=7846.230
2025-03-12 原预算全候选受限，追加900秒预算，gap仍为1%
真实回放 2025-03-12 K=3 S=26 SOC=7587.934
真实回放 2025-03-13 K=3 S=26 SOC=4186.547
真实回放 2025-03-14 K=3 S=26 SOC=4485.659
2025-03-15 原预算全候选受限，追加900秒预算，gap仍为1%
真实回放 2025-03-15 K=3 S=26 SOC=7794.469
2025-03-16 原预算全候选受限，追加900秒预算，gap仍为1%
真实回放 2025-03-16 K=3 S=26 SOC=8110.467
2025-03-17 原预算全候选受限，追加900秒预算，gap仍为1%
真实回放 2025-03-17 K=3 S=26 SOC=8116.455
2025-03-18 原预算全候选受限，追加900秒预算，gap仍为1%
真实回放 2025-03-18 K=3 S=26 SOC=8047.313
2025-03-19 原预算全候选受限，追加900秒预算，gap仍为1%
真实回放 2025-03-19 K=3 S=26 SOC=8315.808
真实回放 2025-03-20 K=3 S=26 SOC=4091.655
真实回放 2025-03-21 K=3 S=26 SOC=4230.750
2025-03-22 原预算全候选受限，追加900秒预算，gap仍为1%
真实回放 2025-03-22 K=3 S=26 SOC=8363.040
2025-03-23 原预算全候选受限，追加900秒预算，gap仍为1%
真实回放 2025-03-23 K=3 S=26 SOC=7874.901
2025-03-24 原预算全候选受限，追加900秒预算，gap仍为1%
真实回放 2025-03-24 K=3 S=26 SOC=7909.660
2025-03-25 原预算全候选受限，追加900秒预算，gap仍为1%
真实回放 2025-03-25 K=3 S=26 SOC=7869.641
2025-03-26 原预算全候选受限，追加900秒预算，gap仍为1%
真实回放 2025-03-26 K=3 S=26 SOC=8040.031
真实回放 2025-03-27 K=3 S=26 SOC=3753.625
真实回放 2025-03-28 K=3 S=26 SOC=4155.522
2025-03-29 原预算全候选受限，追加900秒预算，gap仍为1%
真实回放 2025-03-29 K=3 S=26 SOC=8302.285
2025-03-30 原预算全候选受限，追加900秒预算，gap仍为1%
真实回放 2025-03-30 K=3 S=26 SOC=8957.844
2025-03-31 原预算全候选受限，追加900秒预算，gap仍为1%
真实回放 2025-03-31 K=3 S=26 SOC=8172.556
2025-04-01 原预算全候选受限，追加900秒预算，gap仍为1%
真实回放 2025-04-01 K=3 S=26 SOC=8143.776
真实回放 2025-04-02 K=3 S=26 SOC=8012.548
真实回放 2025-04-03 K=3 S=26 SOC=3431.431
真实回放 2025-04-04 K=3 S=26 SOC=3938.193
2025-04-05 原预算全候选受限，追加900秒预算，gap仍为1%
真实回放 2025-04-05 K=3 S=26 SOC=8745.486
2025-04-06 原预算全候选受限，追加900秒预算，gap仍为1%
真实回放 2025-04-06 K=3 S=26 SOC=8732.340
2025-04-07 原预算全候选受限，追加900秒预算，gap仍为1%
真实回放 2025-04-07 K=3 S=26 SOC=8819.945
2025-04-08 原预算全候选受限，追加900秒预算，gap仍为1%
真实回放 2025-04-08 K=3 S=26 SOC=7875.708
2025-04-09 原预算全候选受限，追加900秒预算，gap仍为1%
真实回放 2025-04-09 K=3 S=26 SOC=7834.518
真实回放 2025-04-10 K=3 S=26 SOC=3202.910
2025-04-11 原预算全候选受限，追加900秒预算，gap仍为1%
真实回放 2025-04-11 K=3 S=26 SOC=3149.582
2025-04-12 原预算全候选受限，追加900秒预算，gap仍为1%
真实回放 2025-04-12 K=3 S=26 SOC=8242.779
2025-04-13 原预算全候选受限，追加900秒预算，gap仍为1%
Traceback (most recent call last):
  File "/Users/slumpyfufu/Desktop/Projects/ShumoGuosai/src/q2/full_run.py", line 155, in worker
    raise RuntimeError(f"实验尚未完成：{statuses}")
RuntimeError: 实验尚未完成：{'horizon_3': {'complete': False, 'reason': '未获得满足预注册MIP gap及映射验收的策略；不得当正式解发布', 'details': {'3': {'selection': {'pipeline': ['load_lgb_1', 'pv_mean7'], 'origin_indices': [74, 75, 76, 77, 78, 79, 80, 81, 82, 83, 84, 85, 86, 87, 88, 89, 90, 91, 92, 93, 94, 95, 96, 97, 98, 99], 'window_days': 28, 'common_scored_origins': [74, 75, 76, 77, 78, 79, 80, 81, 82, 83, 84, 85, 86, 87, 88, 89, 90, 91, 92, 93, 94, 95, 96, 97, 98, 99], 'scores': {'load_week|pv_mean7': {'econ': 37.023690864371375, 'net_mae': 240.06769745879123, 'net_rmse': 352.47452483686334, 'load_mae': 125.28799484508548, 'load_rmse': 156.51991044755457, 'pv_mae': 164.45595453678268, 'pv_rmse': 314.82776200781495}, 'load_week|pv_dhr': {'econ': 45.951940524486496, 'net_mae': 237.00783420001895, 'net_rmse': 349.442105428085, 'load_mae': 125.28799484508548, 'load_rmse': 156.51991044755457, 'pv_mae': 168.55734605633117, 'pv_rmse': 312.962181567849}, 'load_lgb_1|pv_mean7': {'econ': 33.20408227710697, 'net_mae': 222.42086192630086, 'net_rmse': 337.38806136768545, 'load_mae': 100.55870044707385, 'load_rmse': 126.85439570376705, 'pv_mae': 164.45595453678268, 'pv_rmse': 314.82776200781495}, 'load_lgb_1|pv_dhr': {'econ': 42.463046285260305, 'net_mae': 221.27929336442483, 'net_rmse': 337.2586785680263, 'load_mae': 100.55870044707385, 'load_rmse': 126.85439570376705, 'pv_mae': 168.55734605633117, 'pv_rmse': 312.962181567849}}, 'selection_uses_dispatch_cost': False, 'minimum_blocks': 14}, 'error': {'M': 26, 'candidates': {'26': {'scenarios': {'reduced': False, 'M': 26, 'S': 26, 'indices': [0, 1, 2, 3, 4, 5, 6, 7, 8, 9, 10, 11, 12, 13, 14, 15, 16, 17, 18, 19, 20, 21, 22, 23, 24, 25], 'weights': [0.038461538461538464, 0.038461538461538464, 0.038461538461538464, 0.038461538461538464, 0.038461538461538464, 0.038461538461538464, 0.038461538461538464, 0.038461538461538464, 0.038461538461538464, 0.038461538461538464, 0.038461538461538464, 0.038461538461538464, 0.038461538461538464, 0.038461538461538464, 0.038461538461538464, 0.038461538461538464, 0.038461538461538464, 0.038461538461538464, 0.038461538461538464, 0.038461538461538464, 0.038461538461538464, 0.038461538461538464, 0.038461538461538464, 0.038461538461538464, 0.038461538461538464, 0.038461538461538464]}, 'solver': {'status': 'timelimit', 'solve_seconds': 974.912539, 'wall_seconds': 980.8639239999975, 'before_presolve': {'continuous': 147312, 'binary': 78624, 'variables': 225936, 'constraints': 314496}, 'after_presolve': {'continuous': 137650, 'binary': 68728, 'variables': 206378, 'constraints': 280250}, 'solver': 'SCIP', 'solver_version': '10.0.2', 'mip_gap': 0.010870838448837647, 'dual_bound': 105619.97782916037, 'solutions': 2, 'requested_gap': 0.01, 'time_limit': 900, 'objective': 106768.15554511099, 'optimizer_objective': 106768.15554511096, 'mapping_error_kwh': 1.2164491636212915e-11, 'reliable': False, 'scip_mip_gap': 0.01087083844883737, 'external_lp_lower_bound': 104772.09598301243}, 'full_pool_first_day_emergency_cost': 418.81790174746675, 'scenario_first_day_emergency_cost': 418.81790174746675, 'tail_quantiles': {'0.8': {'mean_absolute_error_kwh': 0.0, 'normalized_error': 0.0, 'positive_tail_underestimate_kwh': 0.0}, '0.9': {'mean_absolute_error_kwh': 0.0, 'normalized_error': 0.0, 'positive_tail_underestimate_kwh': 0.0}}}}, 'computational_limited': False}}}}}
