从已验收的106日连续回放检查点续算
真实回放 2025-05-18 K=1 S=28 SOC=2891.219
2025-05-19 原预算全候选受限，追加900秒预算，gap为2%
真实回放 2025-05-19 K=1 S=28 SOC=2513.873
真实回放 2025-05-20 K=1 S=28 SOC=2356.314
真实回放 2025-05-21 K=1 S=28 SOC=2335.454
真实回放 2025-05-22 K=1 S=28 SOC=2903.482
真实回放 2025-05-23 K=1 S=28 SOC=2664.968
真实回放 2025-05-24 K=1 S=28 SOC=2885.250
2025-05-25 原预算全候选受限，追加900秒预算，gap为2%
真实回放 2025-05-25 K=1 S=28 SOC=2677.554
真实回放 2025-05-26 K=1 S=28 SOC=1558.397
真实回放 2025-05-27 K=1 S=28 SOC=2499.396
真实回放 2025-05-28 K=1 S=28 SOC=2781.022
真实回放 2025-05-29 K=1 S=28 SOC=1611.444
真实回放 2025-05-30 K=1 S=28 SOC=1997.459
真实回放 2025-05-31 K=1 S=28 SOC=1896.831
真实回放 2025-06-01 K=1 S=28 SOC=1200.000
真实回放 2025-06-02 K=1 S=28 SOC=1200.000
真实回放 2025-06-03 K=1 S=28 SOC=1200.000
2025-06-04 原预算全候选受限，追加900秒预算，gap为2%
真实回放 2025-06-04 K=1 S=28 SOC=1200.000
真实回放 2025-06-05 K=1 S=28 SOC=1200.000
真实回放 2025-06-06 K=1 S=28 SOC=1200.000
真实回放 2025-06-07 K=1 S=28 SOC=1218.680
真实回放 2025-06-08 K=1 S=28 SOC=2598.062
真实回放 2025-06-09 K=1 S=28 SOC=2993.702
真实回放 2025-06-10 K=1 S=28 SOC=2500.995
真实回放 2025-06-11 K=1 S=28 SOC=2690.483
真实回放 2025-06-12 K=1 S=28 SOC=2732.282
2025-06-13 原预算全候选受限，追加900秒预算，gap为2%
Traceback (most recent call last):
  File "/Users/slumpyfufu/Desktop/Projects/ShumoGuosai/src/q2/full_run.py", line 160, in worker
    raise RuntimeError(f"实验尚未完成：{statuses}")
RuntimeError: 实验尚未完成：{'horizon_1': {'complete': False, 'reason': '未获得满足预注册MIP gap及映射验收的策略；不得当正式解发布', 'details': {'1': {'selection': {'pipeline': ['load_lgb_1', 'pv_mean7'], 'origin_indices': [135, 136, 137, 138, 139, 140, 141, 142, 143, 144, 145, 146, 147, 148, 149, 150, 151, 152, 153, 154, 155, 156, 157, 158, 159, 160, 161, 162], 'window_days': 28, 'common_scored_origins': [135, 136, 137, 138, 139, 140, 141, 142, 143, 144, 145, 146, 147, 148, 149, 150, 151, 152, 153, 154, 155, 156, 157, 158, 159, 160, 161, 162], 'scores': {'load_week|pv_mean7': {'econ': 97.76567117825066, 'net_mae': 368.3335277565193, 'net_rmse': 525.9963225512998, 'load_mae': 204.31422120535714, 'load_rmse': 283.6967491092633, 'pv_mae': 212.00400032950682, 'pv_rmse': 403.2977988418551}, 'load_week|pv_dhr': {'econ': 106.23663627200459, 'net_mae': 389.266201052509, 'net_rmse': 554.8987980247041, 'load_mae': 204.31422120535714, 'load_rmse': 283.6967491092633, 'pv_mae': 242.05698376152364, 'pv_rmse': 430.51276110127645}, 'load_lgb_1|pv_mean7': {'econ': 85.28481865929469, 'net_mae': 329.470499494927, 'net_rmse': 489.63352418793886, 'load_mae': 160.68228087417052, 'load_rmse': 225.44734233929222, 'pv_mae': 212.00400032950682, 'pv_rmse': 403.2977988418551}, 'load_lgb_1|pv_dhr': {'econ': 94.21479117410158, 'net_mae': 351.73798837717084, 'net_rmse': 518.1704302106378, 'load_mae': 160.68228087417052, 'load_rmse': 225.44734233929222, 'pv_mae': 242.05698376152364, 'pv_rmse': 430.51276110127645}}, 'selection_uses_dispatch_cost': False, 'minimum_blocks': 14}, 'error': {'M': 28, 'candidates': {'28': {'scenarios': {'reduced': False, 'M': 28, 'S': 28, 'indices': [0, 1, 2, 3, 4, 5, 6, 7, 8, 9, 10, 11, 12, 13, 14, 15, 16, 17, 18, 19, 20, 21, 22, 23, 24, 25, 26, 27], 'weights': [0.03571428571428571, 0.03571428571428571, 0.03571428571428571, 0.03571428571428571, 0.03571428571428571, 0.03571428571428571, 0.03571428571428571, 0.03571428571428571, 0.03571428571428571, 0.03571428571428571, 0.03571428571428571, 0.03571428571428571, 0.03571428571428571, 0.03571428571428571, 0.03571428571428571, 0.03571428571428571, 0.03571428571428571, 0.03571428571428571, 0.03571428571428571, 0.03571428571428571, 0.03571428571428571, 0.03571428571428571, 0.03571428571428571, 0.03571428571428571, 0.03571428571428571, 0.03571428571428571, 0.03571428571428571, 0.03571428571428571]}, 'solver': {'status': 'Time limit reached', 'solver': 'HiGHS_monotone_charge_bound_MILP', 'solver_version': '1.8.0', 'time_limit': 900, 'requested_gap': 0.02, 'solve_seconds': 900.1300167919981, 'reliable': False, 'continuous_variables': 36720, 'binary_variables': 12096, 'constraints': 76580, 'nodes': 11, 'dual_bound': 26236.023682473024, 'seed_verified': True, 'seed_refinement': {'before_dominance': {'rounds': 14, 'seconds': 5.05990320899582, 'initial_cost': 26939.581462824277, 'candidate_cost': 26915.512001370338, 'role': 'local_region_feasible_upper_bound_only'}, 'after_dominance': {'rounds': 0, 'seconds': 0.379015917002107, 'initial_cost': 26915.512001370338, 'candidate_cost': 26915.512001370338, 'role': 'local_region_feasible_upper_bound_only'}, 'rounds': 14, 'seconds': 5.439163750001171, 'initial_cost': 26939.581462824277, 'candidate_cost': 26915.512001370338, 'role': 'local_region_feasible_upper_bound_only'}, 'highs_primal_relative_gap_target': 0.0196078431372549, 'maximum_charge_cap_dominance_presolve': True, 'response_branch_valid_cuts': True, 'objective': 26915.512001370338, 'optimizer_objective': 26915.512001370338, 'mip_gap': 0.02589905875680569, 'monotone_charge_bound': True, 'raw_response_difference_kwh': 0.0, 'mapping_error_kwh': None, 'monotone_projection_error_kwh': 0.0, 'linear_feasibility_error': 1.8189894035458565e-12, 'integrality_error': 0.0, 'mapped_policy_cost_not_above_raw_objective': True, 'certificate_error_definition': 'SOC_dominance_and_emergency_nonincrease', 'execution_role': 'supplemental_equivalent_physical_bound_MILP_after_original_budget_failure'}, 'full_pool_first_day_emergency_cost': 3247.1479530004485, 'scenario_first_day_emergency_cost': 3247.147953000448, 'tail_quantiles': {'0.8': {'mean_absolute_error_kwh': 0.0, 'normalized_error': 0.0, 'positive_tail_underestimate_kwh': 0.0}, '0.9': {'mean_absolute_error_kwh': 0.0, 'normalized_error': 0.0, 'positive_tail_underestimate_kwh': 0.0}}}}, 'computational_limited': False}}}}}
