从已验收的132日连续回放检查点续算
真实回放 2025-06-13 K=1 S=28 SOC=2968.077
真实回放 2025-06-14 K=1 S=28 SOC=2601.496
真实回放 2025-06-15 K=1 S=28 SOC=2487.789
真实回放 2025-06-16 K=1 S=28 SOC=2716.592
真实回放 2025-06-17 K=1 S=28 SOC=2382.008
真实回放 2025-06-18 K=1 S=28 SOC=2724.551
真实回放 2025-06-19 K=1 S=28 SOC=2509.971
2025-06-20 原预算全候选受限，追加900秒预算，gap为3%
真实回放 2025-06-20 K=1 S=28 SOC=2883.124
真实回放 2025-06-21 K=1 S=28 SOC=3514.892
真实回放 2025-06-22 K=1 S=28 SOC=2332.420
真实回放 2025-06-23 K=1 S=28 SOC=2470.440
真实回放 2025-06-24 K=1 S=28 SOC=2578.222
真实回放 2025-06-25 K=1 S=28 SOC=2637.572
真实回放 2025-06-26 K=1 S=28 SOC=2450.004
真实回放 2025-06-27 K=1 S=28 SOC=3107.422
真实回放 2025-06-28 K=1 S=28 SOC=2897.235
真实回放 2025-06-29 K=1 S=28 SOC=2439.241
真实回放 2025-06-30 K=1 S=28 SOC=2402.297
真实回放 2025-07-01 K=1 S=28 SOC=1200.000
真实回放 2025-07-02 K=1 S=28 SOC=1200.000
真实回放 2025-07-03 K=1 S=28 SOC=1200.000
真实回放 2025-07-04 K=1 S=28 SOC=1200.000
真实回放 2025-07-05 K=1 S=28 SOC=1200.000
真实回放 2025-07-06 K=1 S=28 SOC=1200.000
真实回放 2025-07-07 K=1 S=28 SOC=2622.619
真实回放 2025-07-08 K=1 S=28 SOC=3747.451
真实回放 2025-07-09 K=1 S=28 SOC=3716.903
真实回放 2025-07-10 K=1 S=28 SOC=3447.261
真实回放 2025-07-11 K=1 S=28 SOC=3093.797
真实回放 2025-07-12 K=1 S=28 SOC=2632.447
真实回放 2025-07-13 K=1 S=28 SOC=3453.960
真实回放 2025-07-14 K=1 S=28 SOC=3286.174
真实回放 2025-07-15 K=1 S=28 SOC=3719.722
真实回放 2025-07-16 K=1 S=28 SOC=3360.724
真实回放 2025-07-17 K=1 S=28 SOC=3224.828
真实回放 2025-07-18 K=1 S=28 SOC=2778.799
真实回放 2025-07-19 K=1 S=28 SOC=2539.418
真实回放 2025-07-20 K=1 S=28 SOC=3649.056
真实回放 2025-07-21 K=1 S=28 SOC=3764.564
真实回放 2025-07-22 K=1 S=28 SOC=3253.191
真实回放 2025-07-23 K=1 S=28 SOC=3428.847
真实回放 2025-07-24 K=1 S=28 SOC=3645.111
真实回放 2025-07-25 K=1 S=28 SOC=2824.371
真实回放 2025-07-26 K=1 S=28 SOC=2635.596
真实回放 2025-07-27 K=1 S=28 SOC=3461.311
真实回放 2025-07-28 K=1 S=28 SOC=1525.274
真实回放 2025-07-29 K=1 S=28 SOC=3056.046
真实回放 2025-07-30 K=1 S=28 SOC=3085.368
真实回放 2025-07-31 K=1 S=28 SOC=2187.339
真实回放 2025-08-01 K=1 S=28 SOC=1727.976
真实回放 2025-08-02 K=1 S=28 SOC=1748.686
真实回放 2025-08-03 K=1 S=28 SOC=1302.246
真实回放 2025-08-04 K=1 S=28 SOC=1832.815
真实回放 2025-08-05 K=1 S=28 SOC=1881.793
真实回放 2025-08-06 K=1 S=28 SOC=1200.000
真实回放 2025-08-07 K=1 S=28 SOC=1883.769
真实回放 2025-08-08 K=1 S=28 SOC=1495.244
真实回放 2025-08-09 K=1 S=28 SOC=1201.619
真实回放 2025-08-10 K=1 S=28 SOC=1290.706
真实回放 2025-08-11 K=1 S=28 SOC=1563.466
真实回放 2025-08-12 K=1 S=28 SOC=1366.276
真实回放 2025-08-13 K=1 S=28 SOC=1406.508
真实回放 2025-08-14 K=1 S=28 SOC=1304.012
真实回放 2025-08-15 K=1 S=28 SOC=1207.695
真实回放 2025-08-16 K=1 S=28 SOC=1274.762
真实回放 2025-08-17 K=1 S=28 SOC=1222.910
真实回放 2025-08-18 K=1 S=28 SOC=1487.492
真实回放 2025-08-19 K=1 S=28 SOC=1643.694
真实回放 2025-08-20 K=1 S=28 SOC=1200.000
真实回放 2025-08-21 K=1 S=28 SOC=1384.036
真实回放 2025-08-22 K=1 S=28 SOC=1225.404
真实回放 2025-08-23 K=1 S=28 SOC=1200.000
真实回放 2025-08-24 K=1 S=28 SOC=1400.351
真实回放 2025-08-25 K=1 S=28 SOC=1254.973
真实回放 2025-08-26 K=1 S=28 SOC=1972.837
真实回放 2025-08-27 K=1 S=28 SOC=1341.611
真实回放 2025-08-28 K=1 S=28 SOC=1211.150
真实回放 2025-08-29 K=1 S=28 SOC=1670.906
真实回放 2025-08-30 K=1 S=28 SOC=1211.731
真实回放 2025-08-31 K=1 S=28 SOC=1947.187
真实回放 2025-09-01 K=1 S=28 SOC=4406.982
真实回放 2025-09-02 K=1 S=28 SOC=4081.466
真实回放 2025-09-03 K=1 S=28 SOC=3945.198
真实回放 2025-09-04 K=1 S=28 SOC=3815.891
真实回放 2025-09-05 K=1 S=28 SOC=4240.713
真实回放 2025-09-06 K=1 S=28 SOC=4248.766
真实回放 2025-09-07 K=1 S=28 SOC=3527.899
真实回放 2025-09-08 K=1 S=28 SOC=1200.000
真实回放 2025-09-09 K=1 S=28 SOC=1287.047
真实回放 2025-09-10 K=1 S=28 SOC=1200.000
真实回放 2025-09-11 K=1 S=28 SOC=1912.622
真实回放 2025-09-12 K=1 S=28 SOC=1360.721
真实回放 2025-09-13 K=1 S=28 SOC=1200.000
真实回放 2025-09-14 K=1 S=28 SOC=1200.000
真实回放 2025-09-15 K=1 S=28 SOC=1342.359
真实回放 2025-09-16 K=1 S=28 SOC=1200.000
真实回放 2025-09-17 K=1 S=28 SOC=1320.173
真实回放 2025-09-18 K=1 S=28 SOC=1200.000
真实回放 2025-09-19 K=1 S=28 SOC=1684.198
真实回放 2025-09-20 K=1 S=28 SOC=1330.316
真实回放 2025-09-21 K=1 S=28 SOC=1361.808
真实回放 2025-09-22 K=1 S=28 SOC=1200.000
真实回放 2025-09-23 K=1 S=28 SOC=1422.867
真实回放 2025-09-24 K=1 S=28 SOC=1633.600
真实回放 2025-09-25 K=1 S=28 SOC=1250.448
真实回放 2025-09-26 K=1 S=28 SOC=1710.463
真实回放 2025-09-27 K=1 S=28 SOC=1200.000
真实回放 2025-09-28 K=1 S=28 SOC=1589.038
真实回放 2025-09-29 K=1 S=28 SOC=1335.700
真实回放 2025-09-30 K=1 S=28 SOC=1374.648
真实回放 2025-10-01 K=1 S=28 SOC=3400.654
真实回放 2025-10-02 K=1 S=28 SOC=3262.028
真实回放 2025-10-03 K=1 S=28 SOC=3327.298
真实回放 2025-10-04 K=1 S=28 SOC=3327.872
真实回放 2025-10-05 K=1 S=28 SOC=2981.291
真实回放 2025-10-06 K=1 S=28 SOC=2469.297
真实回放 2025-10-07 K=1 S=28 SOC=2682.173
真实回放 2025-10-08 K=1 S=28 SOC=1241.521
真实回放 2025-10-09 K=1 S=28 SOC=1200.000
真实回放 2025-10-10 K=1 S=28 SOC=1438.459
真实回放 2025-10-11 K=1 S=28 SOC=1395.059
真实回放 2025-10-12 K=1 S=28 SOC=1200.000
真实回放 2025-10-13 K=1 S=28 SOC=1305.509
真实回放 2025-10-14 K=1 S=28 SOC=1200.000
真实回放 2025-10-15 K=1 S=28 SOC=1214.286
真实回放 2025-10-16 K=1 S=28 SOC=1264.872
真实回放 2025-10-17 K=1 S=28 SOC=1525.911
真实回放 2025-10-18 K=1 S=28 SOC=1575.656
真实回放 2025-10-19 K=1 S=28 SOC=1310.295
真实回放 2025-10-20 K=1 S=28 SOC=1200.000
真实回放 2025-10-21 K=1 S=28 SOC=1200.000
真实回放 2025-10-22 K=1 S=28 SOC=1200.000
真实回放 2025-10-23 K=1 S=28 SOC=1481.679
真实回放 2025-10-24 K=1 S=28 SOC=1484.433
真实回放 2025-10-25 K=1 S=28 SOC=1340.472
真实回放 2025-10-26 K=1 S=28 SOC=1530.688
真实回放 2025-10-27 K=1 S=28 SOC=1254.060
真实回放 2025-10-28 K=1 S=28 SOC=1522.354
真实回放 2025-10-29 K=1 S=28 SOC=1200.000
真实回放 2025-10-30 K=1 S=28 SOC=1373.448
真实回放 2025-10-31 K=1 S=28 SOC=1680.423
真实回放 2025-11-01 K=1 S=28 SOC=1763.802
真实回放 2025-11-02 K=1 S=28 SOC=1277.257
真实回放 2025-11-03 K=1 S=28 SOC=1418.989
真实回放 2025-11-04 K=1 S=28 SOC=1200.000
真实回放 2025-11-05 K=1 S=28 SOC=1533.818
真实回放 2025-11-06 K=1 S=28 SOC=1200.000
真实回放 2025-11-07 K=1 S=28 SOC=1762.603
真实回放 2025-11-08 K=1 S=28 SOC=1719.209
真实回放 2025-11-09 K=1 S=28 SOC=1271.839
真实回放 2025-11-10 K=1 S=28 SOC=1200.000
真实回放 2025-11-11 K=1 S=28 SOC=1435.337
真实回放 2025-11-12 K=1 S=28 SOC=1399.222
真实回放 2025-11-13 K=1 S=28 SOC=1342.538
真实回放 2025-11-14 K=1 S=28 SOC=1715.530
真实回放 2025-11-15 K=1 S=28 SOC=1560.944
真实回放 2025-11-16 K=1 S=28 SOC=1200.000
真实回放 2025-11-17 K=1 S=28 SOC=1588.078
真实回放 2025-11-18 K=1 S=28 SOC=1216.403
真实回放 2025-11-19 K=1 S=28 SOC=1200.000
真实回放 2025-11-20 K=1 S=28 SOC=1200.000
真实回放 2025-11-21 K=1 S=28 SOC=1896.071
真实回放 2025-11-22 K=1 S=28 SOC=1284.746
真实回放 2025-11-23 K=1 S=28 SOC=1304.952
真实回放 2025-11-24 K=1 S=28 SOC=1200.000
真实回放 2025-11-25 K=1 S=28 SOC=1305.263
真实回放 2025-11-26 K=1 S=28 SOC=1259.183
真实回放 2025-11-27 K=1 S=28 SOC=1350.740
真实回放 2025-11-28 K=1 S=28 SOC=1776.025
真实回放 2025-11-29 K=1 S=28 SOC=1200.000
真实回放 2025-11-30 K=1 S=28 SOC=1200.000
真实回放 2025-12-01 K=1 S=28 SOC=1200.000
真实回放 2025-12-02 K=1 S=28 SOC=1200.000
真实回放 2025-12-03 K=1 S=28 SOC=1200.000
真实回放 2025-12-04 K=1 S=28 SOC=1218.389
真实回放 2025-12-05 K=1 S=28 SOC=1453.719
真实回放 2025-12-06 K=1 S=28 SOC=1200.000
真实回放 2025-12-07 K=1 S=28 SOC=1200.000
真实回放 2025-12-08 K=1 S=28 SOC=1718.872
真实回放 2025-12-09 K=1 S=28 SOC=1495.168
真实回放 2025-12-10 K=1 S=28 SOC=1506.036
真实回放 2025-12-11 K=1 S=28 SOC=1576.122
真实回放 2025-12-12 K=1 S=28 SOC=1762.364
真实回放 2025-12-13 K=1 S=28 SOC=1742.823
真实回放 2025-12-14 K=1 S=28 SOC=1469.578
真实回放 2025-12-15 K=1 S=28 SOC=1582.036
真实回放 2025-12-16 K=1 S=28 SOC=1355.148
真实回放 2025-12-17 K=1 S=28 SOC=1602.601
真实回放 2025-12-18 K=1 S=28 SOC=1540.507
真实回放 2025-12-19 K=1 S=28 SOC=1549.299
真实回放 2025-12-20 K=1 S=28 SOC=1541.478
真实回放 2025-12-21 K=1 S=28 SOC=1508.245
真实回放 2025-12-22 K=1 S=28 SOC=1319.545
真实回放 2025-12-23 K=1 S=28 SOC=1572.657
真实回放 2025-12-24 K=1 S=28 SOC=1471.382
真实回放 2025-12-25 K=1 S=28 SOC=1446.451
真实回放 2025-12-26 K=1 S=28 SOC=2109.479
真实回放 2025-12-27 K=1 S=28 SOC=1637.164
真实回放 2025-12-28 K=1 S=28 SOC=1630.819
真实回放 2025-12-29 K=1 S=28 SOC=1302.528
真实回放 2025-12-30 K=1 S=28 SOC=1406.799
真实回放 2025-12-31 K=1 S=28 SOC=1200.000
/Users/slumpyfufu/Desktop/Projects/ShumoGuosai/src/q2/export_dispatch.py:115: FutureWarning: The behavior of DataFrame concatenation with empty or all-NA entries is deprecated. In a future version, this will no longer exclude empty or all-NA columns when determining the result dtypes. To retain the old behavior, exclude the relevant entries before the concat operation.
  write_csv(output/"paper_table3.csv", pd.concat(events, ignore_index=True) if events else emergency_events(specified))
