从已验收的37日连续回放检查点续算
真实回放 2025-03-10 K=1 S=28 SOC=1212.435
真实回放 2025-03-11 K=1 S=28 SOC=1319.212
真实回放 2025-03-12 K=1 S=28 SOC=1200.000
真实回放 2025-03-13 K=2 S=27 SOC=4165.852
真实回放 2025-03-14 K=2 S=27 SOC=4457.563
真实回放 2025-03-15 K=1 S=28 SOC=1200.000
真实回放 2025-03-16 K=1 S=28 SOC=1371.934
真实回放 2025-03-17 K=1 S=28 SOC=1541.375
真实回放 2025-03-18 K=1 S=28 SOC=1400.270
真实回放 2025-03-19 K=1 S=28 SOC=1712.809
真实回放 2025-03-20 K=2 S=27 SOC=4131.080
真实回放 2025-03-21 K=3 S=26 SOC=4230.750
真实回放 2025-03-22 K=1 S=28 SOC=1756.996
真实回放 2025-03-23 K=1 S=28 SOC=1284.473
真实回放 2025-03-24 K=1 S=28 SOC=1309.781
真实回放 2025-03-25 K=1 S=28 SOC=1261.587
真实回放 2025-03-26 K=1 S=28 SOC=1395.017
真实回放 2025-03-27 K=3 S=26 SOC=3787.206
真实回放 2025-03-28 K=3 S=26 SOC=4139.855
真实回放 2025-03-29 K=2 S=27 SOC=7970.118
真实回放 2025-03-30 K=1 S=28 SOC=1437.596
真实回放 2025-03-31 K=2 S=27 SOC=8095.934
真实回放 2025-04-01 K=1 S=28 SOC=1295.065
真实回放 2025-04-02 K=3 S=26 SOC=7998.452
真实回放 2025-04-03 K=3 S=26 SOC=3426.452
真实回放 2025-04-04 K=2 S=27 SOC=3968.444
真实回放 2025-04-05 K=2 S=27 SOC=8707.908
真实回放 2025-04-06 K=1 S=28 SOC=1396.936
真实回放 2025-04-07 K=1 S=28 SOC=1393.703
真实回放 2025-04-08 K=1 S=28 SOC=1200.000
真实回放 2025-04-09 K=1 S=28 SOC=1200.000
真实回放 2025-04-10 K=3 S=26 SOC=3204.202
真实回放 2025-04-11 K=2 S=27 SOC=3268.764
真实回放 2025-04-12 K=2 S=27 SOC=8903.900
2025-04-13 原预算全候选受限，追加900秒预算，gap仍为1%
Traceback (most recent call last):
  File "/Users/slumpyfufu/Desktop/Projects/ShumoGuosai/src/q2/rolling.py", line 252, in _run_rollout
    reference = json.loads((reference_audits/f"{pd.Timestamp(dates[d]).date()}.json").read_text(encoding="utf-8"))
                                                       ^^^^^^^^^^^^^^^^^^^^^^^^^^^^^^^^^^^^^^^^^^^^^^^^^^^^^^^^^^^
  File "/Users/slumpyfufu/Desktop/Projects/ShumoGuosai/src/q2/rolling.py", line 143, in make_day
    continue
rolling.ComputationalLimit: 未获得满足预注册MIP gap及映射验收的策略；不得当正式解发布

During handling of the above exception, another exception occurred:

Traceback (most recent call last):
  File "/Users/slumpyfufu/Desktop/Projects/ShumoGuosai/src/q2/full_run.py", line 120, in worker
    if name in DEPENDENT and job["status"] == "pending" and state["jobs"]["main"]["status"] != "complete":
        ^^^^^^^^^^^^^^^^^^^^^^^^^^^^^^^^^^^^^^^^^^^^
  File "/Users/slumpyfufu/Desktop/Projects/ShumoGuosai/src/q2/dispatch.py", line 136, in run_main
    result, _ = run_rollout(store, frozen, actual, dates, prices, initial, output/"main", rescue_seconds=rescue_seconds)
                ^^^^^^^^^^^^^^^^^^^^^^^^^^^^^^^^^^^^^^^^^^^^^^^^^^^^^^^^^^^^^^^^^^^^^^^^^^^^^^^^^^^^^^^^^^^^^^^^^^^^^^^^
  File "/Users/slumpyfufu/Desktop/Projects/ShumoGuosai/src/q2/rolling.py", line 215, in run_rollout
    output.mkdir(parents=True, exist_ok=True)
               ^^^^^^^^^^^^^^^^^^^^^^^^^^^^^^^
  File "/Users/slumpyfufu/Desktop/Projects/ShumoGuosai/src/q2/rolling.py", line 260, in _run_rollout
    except ComputationalLimit as original:
                                           
  File "/Users/slumpyfufu/Desktop/Projects/ShumoGuosai/src/q2/rolling.py", line 143, in make_day
    continue
rolling.ComputationalLimit: 未获得满足预注册MIP gap及映射验收的策略；不得当正式解发布
