从已验收的71日连续回放检查点续算
2025-04-13 原预算全候选受限，追加900秒预算，gap仍为1%
真实回放 2025-04-13 K=3 S=26 SOC=8182.615
2025-04-14 原预算全候选受限，追加900秒预算，gap仍为1%
真实回放 2025-04-14 K=2 S=27 SOC=8148.936
2025-04-15 原预算全候选受限，追加900秒预算，gap仍为1%
Traceback (most recent call last):
  File "/Users/slumpyfufu/Desktop/Projects/ShumoGuosai/src/q2/rolling.py", line 258, in _run_rollout
    policy, weights, net_scenarios, point, audit = make_day(
                                                   ^^^^^^^^^
  File "/Users/slumpyfufu/Desktop/Projects/ShumoGuosai/src/q2/rolling.py", line 149, in make_day
    raise ComputationalLimit(audits)
rolling.ComputationalLimit: 未获得满足预注册MIP gap及映射验收的策略；不得当正式解发布

During handling of the above exception, another exception occurred:

Traceback (most recent call last):
  File "/Users/slumpyfufu/Desktop/Projects/ShumoGuosai/src/q2/full_run.py", line 150, in worker
    run_main(run, rescue_seconds=RESCUE_SECONDS)
  File "/Users/slumpyfufu/Desktop/Projects/ShumoGuosai/src/q2/dispatch.py", line 136, in run_main
    result, _ = run_rollout(store, frozen, actual, dates, prices, initial, output/"main", rescue_seconds=rescue_seconds)
                ^^^^^^^^^^^^^^^^^^^^^^^^^^^^^^^^^^^^^^^^^^^^^^^^^^^^^^^^^^^^^^^^^^^^^^^^^^^^^^^^^^^^^^^^^^^^^^^^^^^^^^^^
  File "/Users/slumpyfufu/Desktop/Projects/ShumoGuosai/src/q2/rolling.py", line 221, in run_rollout
    return _run_rollout(store, frozen, actual, dates, prices, initial_soc, output, **settings)
           ^^^^^^^^^^^^^^^^^^^^^^^^^^^^^^^^^^^^^^^^^^^^^^^^^^^^^^^^^^^^^^^^^^^^^^^^^^^^^^^^^^^
  File "/Users/slumpyfufu/Desktop/Projects/ShumoGuosai/src/q2/rolling.py", line 266, in _run_rollout
    policy, weights, net_scenarios, point, audit = make_day(
                                                   ^^^^^^^^^
  File "/Users/slumpyfufu/Desktop/Projects/ShumoGuosai/src/q2/rolling.py", line 149, in make_day
    raise ComputationalLimit(audits)
rolling.ComputationalLimit: 未获得满足预注册MIP gap及映射验收的策略；不得当正式解发布
